Archive member included to satisfy reference by file (symbol)

C:\Users\ed\AppData\Local\arduino\sketches\BDEBFE38EB99C39CFD8C736338057A9F/..\..\cores\arduino_samd_mkrzero_35f893164d301ef46c6dd7700637dfef\core.a(SERCOM.cpp.o)
                              C:\Users\ed\AppData\Local\arduino\sketches\BDEBFE38EB99C39CFD8C736338057A9F\core\variant.cpp.o (SERCOM::SERCOM(Sercom*))
C:\Users\ed\AppData\Local\arduino\sketches\BDEBFE38EB99C39CFD8C736338057A9F/..\..\cores\arduino_samd_mkrzero_35f893164d301ef46c6dd7700637dfef\core.a(CDC.cpp.o)
                              C:\Users\ed\AppData\Local\arduino\sketches\BDEBFE38EB99C39CFD8C736338057A9F\libraries\P1AM\P1AM.cpp.o (SerialUSB)
C:\Users\ed\AppData\Local\arduino\sketches\BDEBFE38EB99C39CFD8C736338057A9F/..\..\cores\arduino_samd_mkrzero_35f893164d301ef46c6dd7700637dfef\core.a(USBCore.cpp.o)
                              C:\Users\ed\AppData\Local\arduino\sketches\BDEBFE38EB99C39CFD8C736338057A9F/..\..\cores\arduino_samd_mkrzero_35f893164d301ef46c6dd7700637dfef\core.a(CDC.cpp.o) (usbd)
C:\Users\ed\AppData\Local\arduino\sketches\BDEBFE38EB99C39CFD8C736338057A9F/..\..\cores\arduino_samd_mkrzero_35f893164d301ef46c6dd7700637dfef\core.a(Uart.cpp.o)
                              C:\Users\ed\AppData\Local\arduino\sketches\BDEBFE38EB99C39CFD8C736338057A9F\core\variant.cpp.o (Uart::Uart(SERCOM*, unsigned char, unsigned char, SercomRXPad, SercomUartTXPad))
C:\Users\ed\AppData\Local\arduino\sketches\BDEBFE38EB99C39CFD8C736338057A9F/..\..\cores\arduino_samd_mkrzero_35f893164d301ef46c6dd7700637dfef\core.a(WMath.cpp.o)
                              C:\Users\ed\AppData\Local\arduino\sketches\BDEBFE38EB99C39CFD8C736338057A9F\libraries\Ethernet\Dhcp.cpp.o (random(long, long))
C:\Users\ed\AppData\Local\arduino\sketches\BDEBFE38EB99C39CFD8C736338057A9F/..\..\cores\arduino_samd_mkrzero_35f893164d301ef46c6dd7700637dfef\core.a(IPAddress.cpp.o)
                              C:\Users\ed\AppData\Local\arduino\sketches\BDEBFE38EB99C39CFD8C736338057A9F\libraries\Ethernet\Ethernet.cpp.o (arduino::IPAddress::IPAddress())
C:\Users\ed\AppData\Local\arduino\sketches\BDEBFE38EB99C39CFD8C736338057A9F/..\..\cores\arduino_samd_mkrzero_35f893164d301ef46c6dd7700637dfef\core.a(PluggableUSB.cpp.o)
                              C:\Users\ed\AppData\Local\arduino\sketches\BDEBFE38EB99C39CFD8C736338057A9F/..\..\cores\arduino_samd_mkrzero_35f893164d301ef46c6dd7700637dfef\core.a(USBCore.cpp.o) (arduino::PluggableUSB_::getInterface(unsigned char*))
C:\Users\ed\AppData\Local\arduino\sketches\BDEBFE38EB99C39CFD8C736338057A9F/..\..\cores\arduino_samd_mkrzero_35f893164d301ef46c6dd7700637dfef\core.a(Print.cpp.o)
                              C:\Users\ed\AppData\Local\arduino\sketches\BDEBFE38EB99C39CFD8C736338057A9F/..\..\cores\arduino_samd_mkrzero_35f893164d301ef46c6dd7700637dfef\core.a(Uart.cpp.o) (arduino::Print::write(unsigned char const*, unsigned int))
C:\Users\ed\AppData\Local\arduino\sketches\BDEBFE38EB99C39CFD8C736338057A9F/..\..\cores\arduino_samd_mkrzero_35f893164d301ef46c6dd7700637dfef\core.a(String.cpp.o)
                              C:\Users\ed\AppData\Local\arduino\sketches\BDEBFE38EB99C39CFD8C736338057A9F/..\..\cores\arduino_samd_mkrzero_35f893164d301ef46c6dd7700637dfef\core.a(IPAddress.cpp.o) (arduino::String::String(char const*))
C:\Users\ed\AppData\Local\arduino\sketches\BDEBFE38EB99C39CFD8C736338057A9F/..\..\cores\arduino_samd_mkrzero_35f893164d301ef46c6dd7700637dfef\core.a(dtostrf.c.o)
                              C:\Users\ed\AppData\Local\arduino\sketches\BDEBFE38EB99C39CFD8C736338057A9F/..\..\cores\arduino_samd_mkrzero_35f893164d301ef46c6dd7700637dfef\core.a(String.cpp.o) (dtostrf)
C:\Users\ed\AppData\Local\arduino\sketches\BDEBFE38EB99C39CFD8C736338057A9F/..\..\cores\arduino_samd_mkrzero_35f893164d301ef46c6dd7700637dfef\core.a(cortex_handlers.c.o)
                              (Reset_Handler)
C:\Users\ed\AppData\Local\arduino\sketches\BDEBFE38EB99C39CFD8C736338057A9F/..\..\cores\arduino_samd_mkrzero_35f893164d301ef46c6dd7700637dfef\core.a(delay.c.o)
                              C:\Users\ed\AppData\Local\arduino\sketches\BDEBFE38EB99C39CFD8C736338057A9F\libraries\Ethernet\Dhcp.cpp.o (millis)
C:\Users\ed\AppData\Local\arduino\sketches\BDEBFE38EB99C39CFD8C736338057A9F/..\..\cores\arduino_samd_mkrzero_35f893164d301ef46c6dd7700637dfef\core.a(hooks.c.o)
                              C:\Users\ed\AppData\Local\arduino\sketches\BDEBFE38EB99C39CFD8C736338057A9F\libraries\Ethernet\socket.cpp.o (yield)
C:\Users\ed\AppData\Local\arduino\sketches\BDEBFE38EB99C39CFD8C736338057A9F/..\..\cores\arduino_samd_mkrzero_35f893164d301ef46c6dd7700637dfef\core.a(itoa.c.o)
                              C:\Users\ed\AppData\Local\arduino\sketches\BDEBFE38EB99C39CFD8C736338057A9F/..\..\cores\arduino_samd_mkrzero_35f893164d301ef46c6dd7700637dfef\core.a(String.cpp.o) (ltoa)
[...]
Memory Configuration

Name             Origin             Length             Attributes
FLASH            0x00002000         0x0003e000         xr
RAM              0x20000000         0x00008000         xrw
*default*        0x00000000         0xffffffff

Linker script and memory map

LOAD c:/users/ed/appdata/local/arduino15/packages/arduino/tools/arm-none-eabi-gcc/7-2017q4/bin/../lib/gcc/arm-none-eabi/7.2.1/thumb/v6-m/crti.o
LOAD c:/users/ed/appdata/local/arduino15/packages/arduino/tools/arm-none-eabi-gcc/7-2017q4/bin/../lib/gcc/arm-none-eabi/7.2.1/thumb/v6-m/crtbegin.o
LOAD c:/users/ed/appdata/local/arduino15/packages/arduino/tools/arm-none-eabi-gcc/7-2017q4/bin/../lib/gcc/arm-none-eabi/7.2.1/../../../../arm-none-eabi/lib/thumb/v6-m/crt0.o
LOAD C:\Users\ed\AppData\Local\arduino\sketches\BDEBFE38EB99C39CFD8C736338057A9F\sketch\Baremetal.ino.cpp.o
LOAD C:\Users\ed\AppData\Local\arduino\sketches\BDEBFE38EB99C39CFD8C736338057A9F\sketch\ModbusSlave.cpp.o
LOAD C:\Users\ed\AppData\Local\arduino\sketches\BDEBFE38EB99C39CFD8C736338057A9F\libraries\src\Config0.c.o
LOAD C:\Users\ed\AppData\Local\arduino\sketches\BDEBFE38EB99C39CFD8C736338057A9F\libraries\src\POUS.c.o
LOAD C:\Users\ed\AppData\Local\arduino\sketches\BDEBFE38EB99C39CFD8C736338057A9F\libraries\src\Res0.c.o
LOAD C:\Users\ed\AppData\Local\arduino\sketches\BDEBFE38EB99C39CFD8C736338057A9F\libraries\src\arduino.cpp.o
LOAD C:\Users\ed\AppData\Local\arduino\sketches\BDEBFE38EB99C39CFD8C736338057A9F\libraries\src\debug.c.o
LOAD C:\Users\ed\AppData\Local\arduino\sketches\BDEBFE38EB99C39CFD8C736338057A9F\libraries\src\glueVars.c.o
LOAD C:\Users\ed\AppData\Local\arduino\sketches\BDEBFE38EB99C39CFD8C736338057A9F\libraries\SPI\SPI.cpp.o
LOAD C:\Users\ed\AppData\Local\arduino\sketches\BDEBFE38EB99C39CFD8C736338057A9F\libraries\Ethernet\Dhcp.cpp.o
LOAD C:\Users\ed\AppData\Local\arduino\sketches\BDEBFE38EB99C39CFD8C736338057A9F\libraries\Ethernet\Dns.cpp.o
LOAD C:\Users\ed\AppData\Local\arduino\sketches\BDEBFE38EB99C39CFD8C736338057A9F\libraries\Ethernet\Ethernet.cpp.o
LOAD C:\Users\ed\AppData\Local\arduino\sketches\BDEBFE38EB99C39CFD8C736338057A9F\libraries\Ethernet\EthernetClient.cpp.o
LOAD C:\Users\ed\AppData\Local\arduino\sketches\BDEBFE38EB99C39CFD8C736338057A9F\libraries\Ethernet\EthernetServer.cpp.o
LOAD C:\Users\ed\AppData\Local\arduino\sketches\BDEBFE38EB99C39CFD8C736338057A9F\libraries\Ethernet\EthernetUdp.cpp.o
LOAD C:\Users\ed\AppData\Local\arduino\sketches\BDEBFE38EB99C39CFD8C736338057A9F\libraries\Ethernet\socket.cpp.o
LOAD C:\Users\ed\AppData\Local\arduino\sketches\BDEBFE38EB99C39CFD8C736338057A9F\libraries\Ethernet\utility\w5100.cpp.o
LOAD C:\Users\ed\AppData\Local\arduino\sketches\BDEBFE38EB99C39CFD8C736338057A9F\libraries\P1AM\P1AM.cpp.o
LOAD C:\Users\ed\AppData\Local\arduino\sketches\BDEBFE38EB99C39CFD8C736338057A9F\libraries\P1AM\P1_HSC.cpp.o
LOAD C:\Users\ed\AppData\Local\arduino\sketches\BDEBFE38EB99C39CFD8C736338057A9F\core\variant.cpp.o
START GROUP
LOAD C:\Users\ed\AppData\Local\Arduino15\packages\arduino\tools\CMSIS\4.5.0/CMSIS/Lib/GCC/\libarm_cortexM0l_math.a
LOAD C:\Users\ed\AppData\Local\arduino\sketches\BDEBFE38EB99C39CFD8C736338057A9F/..\..\cores\arduino_samd_mkrzero_35f893164d301ef46c6dd7700637dfef\core.a
END GROUP
LOAD c:/users/ed/appdata/local/arduino15/packages/arduino/tools/arm-none-eabi-gcc/7-2017q4/bin/../lib/gcc/arm-none-eabi/7.2.1/../../../../arm-none-eabi/lib/thumb/v6-m\libstdc++_nano.a
LOAD c:/users/ed/appdata/local/arduino15/packages/arduino/tools/arm-none-eabi-gcc/7-2017q4/bin/../lib/gcc/arm-none-eabi/7.2.1/../../../../arm-none-eabi/lib/thumb/v6-m\libm.a
START GROUP
LOAD c:/users/ed/appdata/local/arduino15/packages/arduino/tools/arm-none-eabi-gcc/7-2017q4/bin/../lib/gcc/arm-none-eabi/7.2.1/thumb/v6-m\libgcc.a
LOAD c:/users/ed/appdata/local/arduino15/packages/arduino/tools/arm-none-eabi-gcc/7-2017q4/bin/../lib/gcc/arm-none-eabi/7.2.1/../../../../arm-none-eabi/lib/thumb/v6-m\libc_nano.a
END GROUP
START GROUP
LOAD c:/users/ed/appdata/local/arduino15/packages/arduino/tools/arm-none-eabi-gcc/7-2017q4/bin/../lib/gcc/arm-none-eabi/7.2.1/thumb/v6-m\libgcc.a
LOAD c:/users/ed/appdata/local/arduino15/packages/arduino/tools/arm-none-eabi-gcc/7-2017q4/bin/../lib/gcc/arm-none-eabi/7.2.1/../../../../arm-none-eabi/lib/thumb/v6-m\libc_nano.a
LOAD c:/users/ed/appdata/local/arduino15/packages/arduino/tools/arm-none-eabi-gcc/7-2017q4/bin/../lib/gcc/arm-none-eabi/7.2.1/../../../../arm-none-eabi/lib/thumb/v6-m\libnosys.a
END GROUP
START GROUP
LOAD c:/users/ed/appdata/local/arduino15/packages/arduino/tools/arm-none-eabi-gcc/7-2017q4/bin/../lib/gcc/arm-none-eabi/7.2.1/thumb/v6-m\libgcc.a
LOAD c:/users/ed/appdata/local/arduino15/packages/arduino/tools/arm-none-eabi-gcc/7-2017q4/bin/../lib/gcc/arm-none-eabi/7.2.1/../../../../arm-none-eabi/lib/thumb/v6-m\libc_nano.a
LOAD c:/users/ed/appdata/local/arduino15/packages/arduino/tools/arm-none-eabi-gcc/7-2017q4/bin/../lib/gcc/arm-none-eabi/7.2.1/../../../../arm-none-eabi/lib/thumb/v6-m\libnosys.a
END GROUP
LOAD c:/users/ed/appdata/local/arduino15/packages/arduino/tools/arm-none-eabi-gcc/7-2017q4/bin/../lib/gcc/arm-none-eabi/7.2.1/thumb/v6-m/crtend.o
LOAD c:/users/ed/appdata/local/arduino15/packages/arduino/tools/arm-none-eabi-gcc/7-2017q4/bin/../lib/gcc/arm-none-eabi/7.2.1/thumb/v6-m/crtn.o

.text           0x00002000     0x9510
                0x00002000                __text_start__ = .
 *(.sketch_boot)
                0x00002000                . = ALIGN (0x2000)
 *(.isr_vector)
 .isr_vector    0x00002000       0xb4 C:\Users\ed\AppData\Local\arduino\sketches\BDEBFE38EB99C39CFD8C736338057A9F/..\..\cores\arduino_samd_mkrzero_35f893164d301ef46c6dd7700637dfef\core.a(cortex_handlers.c.o)
                0x00002000                exception_table
 *(.text*)
 .text          0x000020b4       0x48 c:/users/ed/appdata/local/arduino15/packages/arduino/tools/arm-none-eabi-gcc/7-2017q4/bin/../lib/gcc/arm-none-eabi/7.2.1/thumb/v6-m/crtbegin.o
 .text.p1am_init
                0x000020fc       0x20 C:\Users\ed\AppData\Local\arduino\sketches\BDEBFE38EB99C39CFD8C736338057A9F\sketch\Baremetal.ino.cpp.o
                0x000020fc                p1am_init
 .text.p1am_writeDiscrete
                0x0000211c       0x14 C:\Users\ed\AppData\Local\arduino\sketches\BDEBFE38EB99C39CFD8C736338057A9F\sketch\Baremetal.ino.cpp.o
                0x0000211c                p1am_writeDiscrete
 .text.p1am_readDiscrete
                0x00002130       0x14 C:\Users\ed\AppData\Local\arduino\sketches\BDEBFE38EB99C39CFD8C736338057A9F\sketch\Baremetal.ino.cpp.o
                0x00002130                p1am_readDiscrete
 .text.setupCycleDelay
                0x00002144       0x24 C:\Users\ed\AppData\Local\arduino\sketches\BDEBFE38EB99C39CFD8C736338057A9F\sketch\Baremetal.ino.cpp.o
                0x00002144                setupCycleDelay
 .text._Z15mapEmptyBuffersv
                0x00002168      0x104 C:\Users\ed\AppData\Local\arduino\sketches\BDEBFE38EB99C39CFD8C736338057A9F\sketch\Baremetal.ino.cpp.o
                0x00002168                mapEmptyBuffers()
 .text.setup    0x0000226c       0x5c C:\Users\ed\AppData\Local\arduino\sketches\BDEBFE38EB99C39CFD8C736338057A9F\sketch\Baremetal.ino.cpp.o
                0x0000226c                setup
 .text._Z10modbusTaskv
                0x000022c8      0x1a0 C:\Users\ed\AppData\Local\arduino\sketches\BDEBFE38EB99C39CFD8C736338057A9F\sketch\Baremetal.ino.cpp.o
                0x000022c8                modbusTask()
 .text._Z12plcCycleTaskv
                0x00002468       0x20 C:\Users\ed\AppData\Local\arduino\sketches\BDEBFE38EB99C39CFD8C736338057A9F\sketch\Baremetal.ino.cpp.o
                0x00002468                plcCycleTask()
 .text._Z9schedulerv
                0x00002488       0x34 C:\Users\ed\AppData\Local\arduino\sketches\BDEBFE38EB99C39CFD8C736338057A9F\sketch\Baremetal.ino.cpp.o
                0x00002488                scheduler()
 .text.loop     0x000024bc       0x40 C:\Users\ed\AppData\Local\arduino\sketches\BDEBFE38EB99C39CFD8C736338057A9F\sketch\Baremetal.ino.cpp.o
                0x000024bc                loop
 .text._Z11init_mbregshhhhhh
                0x000024fc       0xe8 C:\Users\ed\AppData\Local\arduino\sketches\BDEBFE38EB99C39CFD8C736338057A9F\sketch\ModbusSlave.cpp.o
                0x000024fc                init_mbregs(unsigned char, unsigned char, unsigned char, unsigned char, unsigned char, unsigned char)
 .text._Z12get_discretetb
                0x000025e4       0x24 C:\Users\ed\AppData\Local\arduino\sketches\BDEBFE38EB99C39CFD8C736338057A9F\sketch\ModbusSlave.cpp.o
                0x000025e4                get_discrete(unsigned short, bool)
 .text._Z14write_discretetbb
                0x00002608       0x34 C:\Users\ed\AppData\Local\arduino\sketches\BDEBFE38EB99C39CFD8C736338057A9F\sketch\ModbusSlave.cpp.o
                0x00002608                write_discrete(unsigned short, bool, bool)
 .text._Z23mbconfig_ethernet_ifacePhS_S_S_S_
                0x0000263c       0xb8 C:\Users\ed\AppData\Local\arduino\sketches\BDEBFE38EB99C39CFD8C736338057A9F\sketch\ModbusSlave.cpp.o
                0x0000263c                mbconfig_ethernet_iface(unsigned char*, unsigned char*, unsigned char*, unsigned char*, unsigned char*)
 .text._Z17exceptionResponsett
                0x000026f4       0x24 C:\Users\ed\AppData\Local\arduino\sketches\BDEBFE38EB99C39CFD8C736338057A9F\sketch\ModbusSlave.cpp.o
                0x000026f4                exceptionResponse(unsigned short, unsigned short)
 .text._Z13readRegisterstt
                0x00002718      0x150 C:\Users\ed\AppData\Local\arduino\sketches\BDEBFE38EB99C39CFD8C736338057A9F\sketch\ModbusSlave.cpp.o
                0x00002718                readRegisters(unsigned short, unsigned short)
 .text._Z19writeSingleRegistertt
                0x00002868       0xec C:\Users\ed\AppData\Local\arduino\sketches\BDEBFE38EB99C39CFD8C736338057A9F\sketch\ModbusSlave.cpp.o
                0x00002868                writeSingleRegister(unsigned short, unsigned short)
 .text._Z22writeMultipleRegisterstth
                0x00002954      0x16c C:\Users\ed\AppData\Local\arduino\sketches\BDEBFE38EB99C39CFD8C736338057A9F\sketch\ModbusSlave.cpp.o
                0x00002954                writeMultipleRegisters(unsigned short, unsigned short, unsigned char)
 .text._Z9readCoilstt
                0x00002ac0       0xb8 C:\Users\ed\AppData\Local\arduino\sketches\BDEBFE38EB99C39CFD8C736338057A9F\sketch\ModbusSlave.cpp.o
                0x00002ac0                readCoils(unsigned short, unsigned short)
 .text._Z15readInputStatustt
                0x00002b78       0xb4 C:\Users\ed\AppData\Local\arduino\sketches\BDEBFE38EB99C39CFD8C736338057A9F\sketch\ModbusSlave.cpp.o
                0x00002b78                readInputStatus(unsigned short, unsigned short)
 .text._Z18readInputRegisterstt
                0x00002c2c       0x78 C:\Users\ed\AppData\Local\arduino\sketches\BDEBFE38EB99C39CFD8C736338057A9F\sketch\ModbusSlave.cpp.o
                0x00002c2c                readInputRegisters(unsigned short, unsigned short)
 .text._Z15writeSingleCoiltt
                0x00002ca4       0x40 C:\Users\ed\AppData\Local\arduino\sketches\BDEBFE38EB99C39CFD8C736338057A9F\sketch\ModbusSlave.cpp.o
                0x00002ca4                writeSingleCoil(unsigned short, unsigned short)
 .text._Z18writeMultipleCoilsttt
                0x00002ce4       0x9c C:\Users\ed\AppData\Local\arduino\sketches\BDEBFE38EB99C39CFD8C736338057A9F\sketch\ModbusSlave.cpp.o
                0x00002ce4                writeMultipleCoils(unsigned short, unsigned short, unsigned short)
 .text._Z9debugInfov
                0x00002d80       0x24 C:\Users\ed\AppData\Local\arduino\sketches\BDEBFE38EB99C39CFD8C736338057A9F\sketch\ModbusSlave.cpp.o
                0x00002d80                debugInfo()
 .text._Z13debugSetTracethtPv
                0x00002da4       0x4c C:\Users\ed\AppData\Local\arduino\sketches\BDEBFE38EB99C39CFD8C736338057A9F\sketch\ModbusSlave.cpp.o
                0x00002da4                debugSetTrace(unsigned short, unsigned char, unsigned short, void*)
 .text._Z13debugGetTracett
                0x00002df0       0xc0 C:\Users\ed\AppData\Local\arduino\sketches\BDEBFE38EB99C39CFD8C736338057A9F\sketch\ModbusSlave.cpp.o
                0x00002df0                debugGetTrace(unsigned short, unsigned short)
 .text._Z17debugGetTraceListtPh
                0x00002eb0       0xec C:\Users\ed\AppData\Local\arduino\sketches\BDEBFE38EB99C39CFD8C736338057A9F\sketch\ModbusSlave.cpp.o
                0x00002eb0                debugGetTraceList(unsigned short, unsigned char*)
 .text._Z11debugGetMd5Pv
                0x00002f9c       0x74 C:\Users\ed\AppData\Local\arduino\sketches\BDEBFE38EB99C39CFD8C736338057A9F\sketch\ModbusSlave.cpp.o
                0x00002f9c                debugGetMd5(void*)
 .text._Z16process_mbpacketv
                0x00003010       0xc4 C:\Users\ed\AppData\Local\arduino\sketches\BDEBFE38EB99C39CFD8C736338057A9F\sketch\ModbusSlave.cpp.o
                0x00003010                process_mbpacket()
 .text._Z10handle_tcpv
                0x000030d4       0xf0 C:\Users\ed\AppData\Local\arduino\sketches\BDEBFE38EB99C39CFD8C736338057A9F\sketch\ModbusSlave.cpp.o
                0x000030d4                handle_tcp()
 .text._Z6mbtaskv
                0x000031c4        0x8 C:\Users\ed\AppData\Local\arduino\sketches\BDEBFE38EB99C39CFD8C736338057A9F\sketch\ModbusSlave.cpp.o
                0x000031c4                mbtask()
 .text.startup._GLOBAL__sub_I_modbus
                0x000031cc       0x1c C:\Users\ed\AppData\Local\arduino\sketches\BDEBFE38EB99C39CFD8C736338057A9F\sketch\ModbusSlave.cpp.o
 .text.config_init__
                0x000031e8        0x8 C:\Users\ed\AppData\Local\arduino\sketches\BDEBFE38EB99C39CFD8C736338057A9F\libraries\src\Config0.c.o
                0x000031e8                config_init__
 .text.config_run__
                0x000031f0        0x8 C:\Users\ed\AppData\Local\arduino\sketches\BDEBFE38EB99C39CFD8C736338057A9F\libraries\src\Config0.c.o
                0x000031f0                config_run__
 .text.__normalize_timespec
                0x000031f8       0x44 C:\Users\ed\AppData\Local\arduino\sketches\BDEBFE38EB99C39CFD8C736338057A9F\libraries\src\POUS.c.o
 .text.GT__BOOL__SINT.constprop.1
                0x0000323c       0x20 C:\Users\ed\AppData\Local\arduino\sketches\BDEBFE38EB99C39CFD8C736338057A9F\libraries\src\POUS.c.o
 .text.LE_TIME.constprop.2
                0x0000325c       0x28 C:\Users\ed\AppData\Local\arduino\sketches\BDEBFE38EB99C39CFD8C736338057A9F\libraries\src\POUS.c.o
 .text.FBPULSEPUMP_init__
                0x00003284      0x126 C:\Users\ed\AppData\Local\arduino\sketches\BDEBFE38EB99C39CFD8C736338057A9F\libraries\src\POUS.c.o
                0x00003284                FBPULSEPUMP_init__
 *fill*         0x000033aa        0x2 
 .text.FBPULSEPUMP_body__
                0x000033ac      0x380 C:\Users\ed\AppData\Local\arduino\sketches\BDEBFE38EB99C39CFD8C736338057A9F\libraries\src\POUS.c.o
                0x000033ac                FBPULSEPUMP_body__
 .text.MAIN_init__
                0x0000372c      0x4a4 C:\Users\ed\AppData\Local\arduino\sketches\BDEBFE38EB99C39CFD8C736338057A9F\libraries\src\POUS.c.o
                0x0000372c                MAIN_init__
 .text.MAIN_body__
                0x00003bd0      0x810 C:\Users\ed\AppData\Local\arduino\sketches\BDEBFE38EB99C39CFD8C736338057A9F\libraries\src\POUS.c.o
                0x00003bd0                MAIN_body__
 .text.RES0_init__
                0x000043e0       0x18 C:\Users\ed\AppData\Local\arduino\sketches\BDEBFE38EB99C39CFD8C736338057A9F\libraries\src\Res0.c.o
                0x000043e0                RES0_init__
 .text.RES0_run__
                0x000043f8       0x18 C:\Users\ed\AppData\Local\arduino\sketches\BDEBFE38EB99C39CFD8C736338057A9F\libraries\src\Res0.c.o
                0x000043f8                RES0_run__
 .text.hardwareInit
                0x00004410        0x2 C:\Users\ed\AppData\Local\arduino\sketches\BDEBFE38EB99C39CFD8C736338057A9F\libraries\src\arduino.cpp.o
                0x00004410                hardwareInit
 .text.updateInputBuffers
                0x00004412        0x2 C:\Users\ed\AppData\Local\arduino\sketches\BDEBFE38EB99C39CFD8C736338057A9F\libraries\src\arduino.cpp.o
                0x00004412                updateInputBuffers
 .text.updateOutputBuffers
                0x00004414        0x2 C:\Users\ed\AppData\Local\arduino\sketches\BDEBFE38EB99C39CFD8C736338057A9F\libraries\src\arduino.cpp.o
                0x00004414                updateOutputBuffers
 .text.get_var_count
                0x00004416        0x4 C:\Users\ed\AppData\Local\arduino\sketches\BDEBFE38EB99C39CFD8C736338057A9F\libraries\src\debug.c.o
                0x00004416                get_var_count
 *fill*         0x0000441a        0x2 
 .text.get_var_size
                0x0000441c       0x34 C:\Users\ed\AppData\Local\arduino\sketches\BDEBFE38EB99C39CFD8C736338057A9F\libraries\src\debug.c.o
                0x0000441c                get_var_size
 .text.get_var_addr
                0x00004450       0x38 C:\Users\ed\AppData\Local\arduino\sketches\BDEBFE38EB99C39CFD8C736338057A9F\libraries\src\debug.c.o
                0x00004450                get_var_addr
 .text.force_var
                0x00004488       0xb4 C:\Users\ed\AppData\Local\arduino\sketches\BDEBFE38EB99C39CFD8C736338057A9F\libraries\src\debug.c.o
                0x00004488                force_var
 .text.swap_bytes
                0x0000453c       0x1c C:\Users\ed\AppData\Local\arduino\sketches\BDEBFE38EB99C39CFD8C736338057A9F\libraries\src\debug.c.o
                0x0000453c                swap_bytes
 .text.set_trace
                0x00004558       0x30 C:\Users\ed\AppData\Local\arduino\sketches\BDEBFE38EB99C39CFD8C736338057A9F\libraries\src\debug.c.o
                0x00004558                set_trace
 .text.set_endianness
                0x00004588       0x10 C:\Users\ed\AppData\Local\arduino\sketches\BDEBFE38EB99C39CFD8C736338057A9F\libraries\src\debug.c.o
                0x00004588                set_endianness
 .text.glueVars
                0x00004598      0x150 C:\Users\ed\AppData\Local\arduino\sketches\BDEBFE38EB99C39CFD8C736338057A9F\libraries\src\glueVars.c.o
                0x00004598                glueVars
 .text.updateTime
                0x000046e8       0x58 C:\Users\ed\AppData\Local\arduino\sketches\BDEBFE38EB99C39CFD8C736338057A9F\libraries\src\glueVars.c.o
                0x000046e8                updateTime
 .text._ZN12SPIClassSAMD8transferEPvj
                0x00004740       0x1e C:\Users\ed\AppData\Local\arduino\sketches\BDEBFE38EB99C39CFD8C736338057A9F\libraries\SPI\SPI.cpp.o
                0x00004740                SPIClassSAMD::transfer(void*, unsigned int)
 .text._ZN12SPIClassSAMD15attachInterruptEv
                0x0000475e        0x2 C:\Users\ed\AppData\Local\arduino\sketches\BDEBFE38EB99C39CFD8C736338057A9F\libraries\SPI\SPI.cpp.o
                0x0000475e                SPIClassSAMD::detachInterrupt()
                0x0000475e                SPIClassSAMD::attachInterrupt()
 .text._ZN12SPIClassSAMDD2Ev
                0x00004760        0x2 C:\Users\ed\AppData\Local\arduino\sketches\BDEBFE38EB99C39CFD8C736338057A9F\libraries\SPI\SPI.cpp.o
                0x00004760                SPIClassSAMD::~SPIClassSAMD()
                0x00004760                SPIClassSAMD::~SPIClassSAMD()
 .text._ZN12SPIClassSAMD3endEv
                0x00004762       0x10 C:\Users\ed\AppData\Local\arduino\sketches\BDEBFE38EB99C39CFD8C736338057A9F\libraries\SPI\SPI.cpp.o
                0x00004762                SPIClassSAMD::end()
 .text._ZN12SPIClassSAMD8transferEh
                0x00004772        0xa C:\Users\ed\AppData\Local\arduino\sketches\BDEBFE38EB99C39CFD8C736338057A9F\libraries\SPI\SPI.cpp.o
                0x00004772                SPIClassSAMD::transfer(unsigned char)
 .text._ZN12SPIClassSAMD10transfer16Et
                0x0000477c       0x58 C:\Users\ed\AppData\Local\arduino\sketches\BDEBFE38EB99C39CFD8C736338057A9F\libraries\SPI\SPI.cpp.o
                0x0000477c                SPIClassSAMD::transfer16(unsigned short)
 .text._ZN12SPIClassSAMDD0Ev
                0x000047d4        0xc C:\Users\ed\AppData\Local\arduino\sketches\BDEBFE38EB99C39CFD8C736338057A9F\libraries\SPI\SPI.cpp.o
                0x000047d4                SPIClassSAMD::~SPIClassSAMD()
 .text._ZN12SPIClassSAMD14usingInterruptEi
                0x000047e0       0x44 C:\Users\ed\AppData\Local\arduino\sketches\BDEBFE38EB99C39CFD8C736338057A9F\libraries\SPI\SPI.cpp.o
                0x000047e0                SPIClassSAMD::usingInterrupt(int)
 .text._ZN12SPIClassSAMD17notUsingInterruptEi
                0x00004824       0x3c C:\Users\ed\AppData\Local\arduino\sketches\BDEBFE38EB99C39CFD8C736338057A9F\libraries\SPI\SPI.cpp.o
                0x00004824                SPIClassSAMD::notUsingInterrupt(int)
 .text._ZN12SPIClassSAMD14endTransactionEv
                0x00004860       0x28 C:\Users\ed\AppData\Local\arduino\sketches\BDEBFE38EB99C39CFD8C736338057A9F\libraries\SPI\SPI.cpp.o
                0x00004860                SPIClassSAMD::endTransaction()
 .text._ZN12SPIClassSAMD4initEv
                0x00004888       0x12 C:\Users\ed\AppData\Local\arduino\sketches\BDEBFE38EB99C39CFD8C736338057A9F\libraries\SPI\SPI.cpp.o
                0x00004888                SPIClassSAMD::init()
 *fill*         0x0000489a        0x2 
 .text._ZN12SPIClassSAMD6configEN7arduino11SPISettingsE
                0x0000489c       0x74 C:\Users\ed\AppData\Local\arduino\sketches\BDEBFE38EB99C39CFD8C736338057A9F\libraries\SPI\SPI.cpp.o
                0x0000489c                SPIClassSAMD::config(arduino::SPISettings)
 .text._ZN12SPIClassSAMD5beginEv
                0x00004910       0x50 C:\Users\ed\AppData\Local\arduino\sketches\BDEBFE38EB99C39CFD8C736338057A9F\libraries\SPI\SPI.cpp.o
                0x00004910                SPIClassSAMD::begin()
 .text._ZN12SPIClassSAMD16beginTransactionEN7arduino11SPISettingsE
                0x00004960       0x38 C:\Users\ed\AppData\Local\arduino\sketches\BDEBFE38EB99C39CFD8C736338057A9F\libraries\SPI\SPI.cpp.o
                0x00004960                SPIClassSAMD::beginTransaction(arduino::SPISettings)
 .text.startup._GLOBAL__sub_I__ZN12SPIClassSAMDC2EP6SERCOMhhh14SercomSpiTXPad11SercomRXPad
                0x00004998       0x98 C:\Users\ed\AppData\Local\arduino\sketches\BDEBFE38EB99C39CFD8C736338057A9F\libraries\SPI\SPI.cpp.o
 .text._ZN9DhcpClass16reset_DHCP_leaseEv
                0x00004a30        0xe C:\Users\ed\AppData\Local\arduino\sketches\BDEBFE38EB99C39CFD8C736338057A9F\libraries\Ethernet\Dhcp.cpp.o
                0x00004a30                DhcpClass::reset_DHCP_lease()
 .text._ZN9DhcpClass10getLocalIpEv
                0x00004a3e        0xe C:\Users\ed\AppData\Local\arduino\sketches\BDEBFE38EB99C39CFD8C736338057A9F\libraries\Ethernet\Dhcp.cpp.o
                0x00004a3e                DhcpClass::getLocalIp()
 .text._ZN9DhcpClass13getSubnetMaskEv
                0x00004a4c        0xe C:\Users\ed\AppData\Local\arduino\sketches\BDEBFE38EB99C39CFD8C736338057A9F\libraries\Ethernet\Dhcp.cpp.o
                0x00004a4c                DhcpClass::getSubnetMask()
 .text._ZN9DhcpClass12getGatewayIpEv
                0x00004a5a        0xe C:\Users\ed\AppData\Local\arduino\sketches\BDEBFE38EB99C39CFD8C736338057A9F\libraries\Ethernet\Dhcp.cpp.o
                0x00004a5a                DhcpClass::getGatewayIp()
 .text._ZN9DhcpClass14getDnsServerIpEv
                0x00004a68        0xe C:\Users\ed\AppData\Local\arduino\sketches\BDEBFE38EB99C39CFD8C736338057A9F\libraries\Ethernet\Dhcp.cpp.o
                0x00004a68                DhcpClass::getDnsServerIp()
 .text._ZN9DhcpClass9printByteEPch
                0x00004a76       0x24 C:\Users\ed\AppData\Local\arduino\sketches\BDEBFE38EB99C39CFD8C736338057A9F\libraries\Ethernet\Dhcp.cpp.o
                0x00004a76                DhcpClass::printByte(char*, unsigned char)
 *fill*         0x00004a9a        0x2 
 .text._ZN9DhcpClass17send_DHCP_MESSAGEEht
                0x00004a9c      0x1a8 C:\Users\ed\AppData\Local\arduino\sketches\BDEBFE38EB99C39CFD8C736338057A9F\libraries\Ethernet\Dhcp.cpp.o
                0x00004a9c                DhcpClass::send_DHCP_MESSAGE(unsigned char, unsigned short)
 .text._ZN9DhcpClass17parseDHCPResponseEmRm
                0x00004c44      0x204 C:\Users\ed\AppData\Local\arduino\sketches\BDEBFE38EB99C39CFD8C736338057A9F\libraries\Ethernet\Dhcp.cpp.o
                0x00004c44                DhcpClass::parseDHCPResponse(unsigned long, unsigned long&)
 .text._ZN9DhcpClass18request_DHCP_leaseEv
                0x00004e48      0x146 C:\Users\ed\AppData\Local\arduino\sketches\BDEBFE38EB99C39CFD8C736338057A9F\libraries\Ethernet\Dhcp.cpp.o
                0x00004e48                DhcpClass::request_DHCP_lease()
 .text._ZN9DhcpClass13beginWithDHCPEPhmm
                0x00004f8e       0x40 C:\Users\ed\AppData\Local\arduino\sketches\BDEBFE38EB99C39CFD8C736338057A9F\libraries\Ethernet\Dhcp.cpp.o
                0x00004f8e                DhcpClass::beginWithDHCP(unsigned char*, unsigned long, unsigned long)
 .text._ZN9DNSClient5beginERKN7arduino9IPAddressE
                0x00004fce       0x18 C:\Users\ed\AppData\Local\arduino\sketches\BDEBFE38EB99C39CFD8C736338057A9F\libraries\Ethernet\Dns.cpp.o
                0x00004fce                DNSClient::begin(arduino::IPAddress const&)
 .text._ZN9DNSClient9inet_atonEPKcRN7arduino9IPAddressE
                0x00004fe6       0x58 C:\Users\ed\AppData\Local\arduino\sketches\BDEBFE38EB99C39CFD8C736338057A9F\libraries\Ethernet\Dns.cpp.o
                0x00004fe6                DNSClient::inet_aton(char const*, arduino::IPAddress&)
 .text._ZN9DNSClient12BuildRequestEPKc
                0x0000503e       0xd6 C:\Users\ed\AppData\Local\arduino\sketches\BDEBFE38EB99C39CFD8C736338057A9F\libraries\Ethernet\Dns.cpp.o
                0x0000503e                DNSClient::BuildRequest(char const*)
 .text._ZN9DNSClient15ProcessResponseEtRN7arduino9IPAddressE
                0x00005114      0x20c C:\Users\ed\AppData\Local\arduino\sketches\BDEBFE38EB99C39CFD8C736338057A9F\libraries\Ethernet\Dns.cpp.o
                0x00005114                DNSClient::ProcessResponse(unsigned short, arduino::IPAddress&)
 .text._ZN9DNSClient13getHostByNameEPKcRN7arduino9IPAddressEt
                0x00005320       0xa0 C:\Users\ed\AppData\Local\arduino\sketches\BDEBFE38EB99C39CFD8C736338057A9F\libraries\Ethernet\Dns.cpp.o
                0x00005320                DNSClient::getHostByName(char const*, arduino::IPAddress&, unsigned short)
 .text._ZN7arduino9IPAddressC2ERKS0_
                0x000053c0       0x1c C:\Users\ed\AppData\Local\arduino\sketches\BDEBFE38EB99C39CFD8C736338057A9F\libraries\Ethernet\Ethernet.cpp.o
                0x000053c0                arduino::IPAddress::IPAddress(arduino::IPAddress const&)
                0x000053c0                arduino::IPAddress::IPAddress(arduino::IPAddress const&)
 .text._ZN10W5100Class8writeGAREPKh
                0x000053dc        0xe C:\Users\ed\AppData\Local\arduino\sketches\BDEBFE38EB99C39CFD8C736338057A9F\libraries\Ethernet\Ethernet.cpp.o
                0x000053dc                W5100Class::writeGAR(unsigned char const*)
 .text._ZN10W5100Class9writeSUBREPKh
                0x000053ea        0xe C:\Users\ed\AppData\Local\arduino\sketches\BDEBFE38EB99C39CFD8C736338057A9F\libraries\Ethernet\Ethernet.cpp.o
                0x000053ea                W5100Class::writeSUBR(unsigned char const*)
 .text._ZN10W5100Class9writeSHAREPKh
                0x000053f8        0xe C:\Users\ed\AppData\Local\arduino\sketches\BDEBFE38EB99C39CFD8C736338057A9F\libraries\Ethernet\Ethernet.cpp.o
                0x000053f8                W5100Class::writeSHAR(unsigned char const*)
 .text._ZN10W5100Class9writeSIPREPKh
                0x00005406        0xe C:\Users\ed\AppData\Local\arduino\sketches\BDEBFE38EB99C39CFD8C736338057A9F\libraries\Ethernet\Ethernet.cpp.o
                0x00005406                W5100Class::writeSIPR(unsigned char const*)
 .text.startup._GLOBAL__sub_I__ZN13EthernetClass17_dnsServerAddressE
                0x00005414       0x10 C:\Users\ed\AppData\Local\arduino\sketches\BDEBFE38EB99C39CFD8C736338057A9F\libraries\Ethernet\Ethernet.cpp.o
 .text._ZN13EthernetClass5beginEPhmm
                0x00005424      0x138 C:\Users\ed\AppData\Local\arduino\sketches\BDEBFE38EB99C39CFD8C736338057A9F\libraries\Ethernet\Ethernet.cpp.o
                0x00005424                EthernetClass::begin(unsigned char*, unsigned long, unsigned long)
 .text._ZN13EthernetClass5beginEPhN7arduino9IPAddressES2_S2_S2_
                0x0000555c       0x88 C:\Users\ed\AppData\Local\arduino\sketches\BDEBFE38EB99C39CFD8C736338057A9F\libraries\Ethernet\Ethernet.cpp.o
                0x0000555c                EthernetClass::begin(unsigned char*, arduino::IPAddress, arduino::IPAddress, arduino::IPAddress, arduino::IPAddress)
 .text._ZN13EthernetClass5beginEPhN7arduino9IPAddressES2_S2_
                0x000055e4       0x50 C:\Users\ed\AppData\Local\arduino\sketches\BDEBFE38EB99C39CFD8C736338057A9F\libraries\Ethernet\Ethernet.cpp.o
                0x000055e4                EthernetClass::begin(unsigned char*, arduino::IPAddress, arduino::IPAddress, arduino::IPAddress)
 .text._ZN13EthernetClass5beginEPhN7arduino9IPAddressES2_
                0x00005634       0x44 C:\Users\ed\AppData\Local\arduino\sketches\BDEBFE38EB99C39CFD8C736338057A9F\libraries\Ethernet\Ethernet.cpp.o
                0x00005634                EthernetClass::begin(unsigned char*, arduino::IPAddress, arduino::IPAddress)
 .text._ZN13EthernetClass5beginEPhN7arduino9IPAddressE
                0x00005678       0x38 C:\Users\ed\AppData\Local\arduino\sketches\BDEBFE38EB99C39CFD8C736338057A9F\libraries\Ethernet\Ethernet.cpp.o
                0x00005678                EthernetClass::begin(unsigned char*, arduino::IPAddress)
 .text._ZN14EthernetClientD2Ev
                0x000056b0        0x2 C:\Users\ed\AppData\Local\arduino\sketches\BDEBFE38EB99C39CFD8C736338057A9F\libraries\Ethernet\EthernetClient.cpp.o
                0x000056b0                EthernetClient::~EthernetClient()
                0x000056b0                EthernetClient::~EthernetClient()
 .text._ZN14EthernetClientcvbEv
                0x000056b2        0xe C:\Users\ed\AppData\Local\arduino\sketches\BDEBFE38EB99C39CFD8C736338057A9F\libraries\Ethernet\EthernetClient.cpp.o
                0x000056b2                EthernetClient::operator bool()
 .text._ZN14EthernetClienteqEb
                0x000056c0        0x6 C:\Users\ed\AppData\Local\arduino\sketches\BDEBFE38EB99C39CFD8C736338057A9F\libraries\Ethernet\EthernetClient.cpp.o
                0x000056c0                EthernetClient::operator==(bool)
 .text._ZN14EthernetClientneEb
                0x000056c6        0x4 C:\Users\ed\AppData\Local\arduino\sketches\BDEBFE38EB99C39CFD8C736338057A9F\libraries\Ethernet\EthernetClient.cpp.o
                0x000056c6                EthernetClient::operator!=(bool)
 .text._ZN14EthernetClientneERKS_
                0x000056ca       0x12 C:\Users\ed\AppData\Local\arduino\sketches\BDEBFE38EB99C39CFD8C736338057A9F\libraries\Ethernet\EthernetClient.cpp.o
                0x000056ca                EthernetClient::operator!=(EthernetClient const&)
 .text._ZN14EthernetClient20setConnectionTimeoutEt
                0x000056dc        0x4 C:\Users\ed\AppData\Local\arduino\sketches\BDEBFE38EB99C39CFD8C736338057A9F\libraries\Ethernet\EthernetClient.cpp.o
                0x000056dc                EthernetClient::setConnectionTimeout(unsigned short)
 .text._ZN14EthernetClient5writeEh
                0x000056e0       0x14 C:\Users\ed\AppData\Local\arduino\sketches\BDEBFE38EB99C39CFD8C736338057A9F\libraries\Ethernet\EthernetClient.cpp.o
                0x000056e0                EthernetClient::write(unsigned char)
 .text._ZN14EthernetClienteqERKS_
                0x000056f4       0x14 C:\Users\ed\AppData\Local\arduino\sketches\BDEBFE38EB99C39CFD8C736338057A9F\libraries\Ethernet\EthernetClient.cpp.o
                0x000056f4                EthernetClient::operator==(EthernetClient const&)
 .text._ZN14EthernetClient9connectedEv
                0x00005708       0x3e C:\Users\ed\AppData\Local\arduino\sketches\BDEBFE38EB99C39CFD8C736338057A9F\libraries\Ethernet\EthernetClient.cpp.o
                0x00005708                EthernetClient::connected()
 .text._ZN14EthernetClient17availableForWriteEv
                0x00005746       0x12 C:\Users\ed\AppData\Local\arduino\sketches\BDEBFE38EB99C39CFD8C736338057A9F\libraries\Ethernet\EthernetClient.cpp.o
                0x00005746                EthernetClient::availableForWrite()
 .text._ZN14EthernetClient5flushEv
                0x00005758       0x28 C:\Users\ed\AppData\Local\arduino\sketches\BDEBFE38EB99C39CFD8C736338057A9F\libraries\Ethernet\EthernetClient.cpp.o
                0x00005758                EthernetClient::flush()
 .text._ZN14EthernetClient5writeEPKhj
                0x00005780       0x20 C:\Users\ed\AppData\Local\arduino\sketches\BDEBFE38EB99C39CFD8C736338057A9F\libraries\Ethernet\EthernetClient.cpp.o
                0x00005780                EthernetClient::write(unsigned char const*, unsigned int)
 .text._ZN14EthernetClient9availableEv
                0x000057a0       0x12 C:\Users\ed\AppData\Local\arduino\sketches\BDEBFE38EB99C39CFD8C736338057A9F\libraries\Ethernet\EthernetClient.cpp.o
                0x000057a0                EthernetClient::available()
 .text._ZN14EthernetClient4readEPhj
                0x000057b2       0x14 C:\Users\ed\AppData\Local\arduino\sketches\BDEBFE38EB99C39CFD8C736338057A9F\libraries\Ethernet\EthernetClient.cpp.o
                0x000057b2                EthernetClient::read(unsigned char*, unsigned int)
 .text._ZN14EthernetClient4readEv
                0x000057c6       0x1e C:\Users\ed\AppData\Local\arduino\sketches\BDEBFE38EB99C39CFD8C736338057A9F\libraries\Ethernet\EthernetClient.cpp.o
                0x000057c6                EthernetClient::read()
 .text._ZN14EthernetClient4peekEv
                0x000057e4       0x22 C:\Users\ed\AppData\Local\arduino\sketches\BDEBFE38EB99C39CFD8C736338057A9F\libraries\Ethernet\EthernetClient.cpp.o
                0x000057e4                EthernetClient::peek()
 .text._ZN14EthernetClientD0Ev
                0x00005806        0xc C:\Users\ed\AppData\Local\arduino\sketches\BDEBFE38EB99C39CFD8C736338057A9F\libraries\Ethernet\EthernetClient.cpp.o
                0x00005806                EthernetClient::~EthernetClient()
 .text._ZN14EthernetClient4stopEv
                0x00005812       0x3e C:\Users\ed\AppData\Local\arduino\sketches\BDEBFE38EB99C39CFD8C736338057A9F\libraries\Ethernet\EthernetClient.cpp.o
                0x00005812                EthernetClient::stop()
 .text._ZN14EthernetClient7connectEN7arduino9IPAddressEt
                0x00005850       0xaa C:\Users\ed\AppData\Local\arduino\sketches\BDEBFE38EB99C39CFD8C736338057A9F\libraries\Ethernet\EthernetClient.cpp.o
                0x00005850                EthernetClient::connect(arduino::IPAddress, unsigned short)
 *fill*         0x000058fa        0x2 
 .text._ZN14EthernetClient7connectEPKct
                0x000058fc       0xb4 C:\Users\ed\AppData\Local\arduino\sketches\BDEBFE38EB99C39CFD8C736338057A9F\libraries\Ethernet\EthernetClient.cpp.o
                0x000058fc                EthernetClient::connect(char const*, unsigned short)
 .text._ZN10W5100Class6readSnEhtPht
                0x000059b0       0x20 C:\Users\ed\AppData\Local\arduino\sketches\BDEBFE38EB99C39CFD8C736338057A9F\libraries\Ethernet\EthernetClient.cpp.o
                0x000059b0                W5100Class::readSn(unsigned char, unsigned short, unsigned char*, unsigned short)
 .text._ZN14EthernetClient9localPortEv
                0x000059d0       0x4c C:\Users\ed\AppData\Local\arduino\sketches\BDEBFE38EB99C39CFD8C736338057A9F\libraries\Ethernet\EthernetClient.cpp.o
                0x000059d0                EthernetClient::localPort()
 .text._ZN14EthernetClient8remoteIPEv
                0x00005a1c       0x54 C:\Users\ed\AppData\Local\arduino\sketches\BDEBFE38EB99C39CFD8C736338057A9F\libraries\Ethernet\EthernetClient.cpp.o
                0x00005a1c                EthernetClient::remoteIP()
 .text._ZN14EthernetClient10remotePortEv
                0x00005a70       0x4c C:\Users\ed\AppData\Local\arduino\sketches\BDEBFE38EB99C39CFD8C736338057A9F\libraries\Ethernet\EthernetClient.cpp.o
                0x00005a70                EthernetClient::remotePort()
 .text._ZN7arduino5Print17availableForWriteEv
                0x00005abc        0x4 C:\Users\ed\AppData\Local\arduino\sketches\BDEBFE38EB99C39CFD8C736338057A9F\libraries\Ethernet\EthernetServer.cpp.o
                0x00005abc                arduino::Print::availableForWrite()
 .text._ZN7arduino5Print5flushEv
                0x00005ac0        0x2 C:\Users\ed\AppData\Local\arduino\sketches\BDEBFE38EB99C39CFD8C736338057A9F\libraries\Ethernet\EthernetServer.cpp.o
                0x00005ac0                arduino::Print::flush()
 .text._ZN14EthernetServer5writeEh
                0x00005ac2       0x14 C:\Users\ed\AppData\Local\arduino\sketches\BDEBFE38EB99C39CFD8C736338057A9F\libraries\Ethernet\EthernetServer.cpp.o
                0x00005ac2                EthernetServer::write(unsigned char)
 *fill*         0x00005ad6        0x2 
 .text._ZN14EthernetServer5beginEv
                0x00005ad8       0x30 C:\Users\ed\AppData\Local\arduino\sketches\BDEBFE38EB99C39CFD8C736338057A9F\libraries\Ethernet\EthernetServer.cpp.o
                0x00005ad8                EthernetServer::begin()
 .text._ZN14EthernetServercvbEv
                0x00005b08       0x40 C:\Users\ed\AppData\Local\arduino\sketches\BDEBFE38EB99C39CFD8C736338057A9F\libraries\Ethernet\EthernetServer.cpp.o
                0x00005b08                EthernetServer::operator bool()
 .text._ZN14EthernetServer9availableEv
                0x00005b48       0xc4 C:\Users\ed\AppData\Local\arduino\sketches\BDEBFE38EB99C39CFD8C736338057A9F\libraries\Ethernet\EthernetServer.cpp.o
                0x00005b48                EthernetServer::available()
 .text._ZN14EthernetServer5writeEPKhj
                0x00005c0c       0x68 C:\Users\ed\AppData\Local\arduino\sketches\BDEBFE38EB99C39CFD8C736338057A9F\libraries\Ethernet\EthernetServer.cpp.o
                0x00005c0c                EthernetServer::write(unsigned char const*, unsigned int)
 .text._ZN11EthernetUDP4readEPcj
                0x00005c74        0xa C:\Users\ed\AppData\Local\arduino\sketches\BDEBFE38EB99C39CFD8C736338057A9F\libraries\Ethernet\EthernetUdp.cpp.o
                0x00005c74                EthernetUDP::read(char*, unsigned int)
 .text._ZN11EthernetUDP10remotePortEv
                0x00005c7e        0x4 C:\Users\ed\AppData\Local\arduino\sketches\BDEBFE38EB99C39CFD8C736338057A9F\libraries\Ethernet\EthernetUdp.cpp.o
                0x00005c7e                EthernetUDP::remotePort()
 .text._ZN11EthernetUDP9localPortEv
                0x00005c82        0x4 C:\Users\ed\AppData\Local\arduino\sketches\BDEBFE38EB99C39CFD8C736338057A9F\libraries\Ethernet\EthernetUdp.cpp.o
                0x00005c82                EthernetUDP::localPort()
 .text._ZN11EthernetUDP9availableEv
                0x00005c86        0x4 C:\Users\ed\AppData\Local\arduino\sketches\BDEBFE38EB99C39CFD8C736338057A9F\libraries\Ethernet\EthernetUdp.cpp.o
                0x00005c86                EthernetUDP::available()
 .text._ZN11EthernetUDP5writeEh
                0x00005c8a       0x14 C:\Users\ed\AppData\Local\arduino\sketches\BDEBFE38EB99C39CFD8C736338057A9F\libraries\Ethernet\EthernetUdp.cpp.o
                0x00005c8a                EthernetUDP::write(unsigned char)
 .text._ZN11EthernetUDP5flushEv
                0x00005c9e        0x2 C:\Users\ed\AppData\Local\arduino\sketches\BDEBFE38EB99C39CFD8C736338057A9F\libraries\Ethernet\EthernetUdp.cpp.o
                0x00005c9e                EthernetUDP::flush()
 .text._ZN11EthernetUDP4stopEv
                0x00005ca0       0x16 C:\Users\ed\AppData\Local\arduino\sketches\BDEBFE38EB99C39CFD8C736338057A9F\libraries\Ethernet\EthernetUdp.cpp.o
                0x00005ca0                EthernetUDP::stop()
 .text._ZN11EthernetUDP5beginEt
                0x00005cb6       0x2e C:\Users\ed\AppData\Local\arduino\sketches\BDEBFE38EB99C39CFD8C736338057A9F\libraries\Ethernet\EthernetUdp.cpp.o
                0x00005cb6                EthernetUDP::begin(unsigned short)
 .text._ZN11EthernetUDP11beginPacketEN7arduino9IPAddressEt
                0x00005ce4       0x1e C:\Users\ed\AppData\Local\arduino\sketches\BDEBFE38EB99C39CFD8C736338057A9F\libraries\Ethernet\EthernetUdp.cpp.o
                0x00005ce4                EthernetUDP::beginPacket(arduino::IPAddress, unsigned short)
 .text._ZN11EthernetUDP9endPacketEv
                0x00005d02        0xc C:\Users\ed\AppData\Local\arduino\sketches\BDEBFE38EB99C39CFD8C736338057A9F\libraries\Ethernet\EthernetUdp.cpp.o
                0x00005d02                EthernetUDP::endPacket()
 .text._ZN11EthernetUDP5writeEPKhj
                0x00005d0e       0x1e C:\Users\ed\AppData\Local\arduino\sketches\BDEBFE38EB99C39CFD8C736338057A9F\libraries\Ethernet\EthernetUdp.cpp.o
                0x00005d0e                EthernetUDP::write(unsigned char const*, unsigned int)
 .text._ZN11EthernetUDP4readEv
                0x00005d2c       0x30 C:\Users\ed\AppData\Local\arduino\sketches\BDEBFE38EB99C39CFD8C736338057A9F\libraries\Ethernet\EthernetUdp.cpp.o
                0x00005d2c                EthernetUDP::read()
 .text._ZN11EthernetUDP4readEPhj
                0x00005d5c       0x2e C:\Users\ed\AppData\Local\arduino\sketches\BDEBFE38EB99C39CFD8C736338057A9F\libraries\Ethernet\EthernetUdp.cpp.o
                0x00005d5c                EthernetUDP::read(unsigned char*, unsigned int)
 .text._ZN11EthernetUDP4peekEv
                0x00005d8a       0x20 C:\Users\ed\AppData\Local\arduino\sketches\BDEBFE38EB99C39CFD8C736338057A9F\libraries\Ethernet\EthernetUdp.cpp.o
                0x00005d8a                EthernetUDP::peek()
 .text._ZN11EthernetUDP11parsePacketEv
                0x00005daa       0x60 C:\Users\ed\AppData\Local\arduino\sketches\BDEBFE38EB99C39CFD8C736338057A9F\libraries\Ethernet\EthernetUdp.cpp.o
                0x00005daa                EthernetUDP::parsePacket()
 .text._ZN11EthernetUDP14beginMulticastEN7arduino9IPAddressEt
                0x00005e0a       0x3e C:\Users\ed\AppData\Local\arduino\sketches\BDEBFE38EB99C39CFD8C736338057A9F\libraries\Ethernet\EthernetUdp.cpp.o
                0x00005e0a                EthernetUDP::beginMulticast(arduino::IPAddress, unsigned short)
 .text._ZN11EthernetUDP8remoteIPEv
                0x00005e48        0xe C:\Users\ed\AppData\Local\arduino\sketches\BDEBFE38EB99C39CFD8C736338057A9F\libraries\Ethernet\EthernetUdp.cpp.o
                0x00005e48                EthernetUDP::remoteIP()
 *fill*         0x00005e56        0x2 
 .text._ZN11EthernetUDP11beginPacketEPKct
                0x00005e58       0x78 C:\Users\ed\AppData\Local\arduino\sketches\BDEBFE38EB99C39CFD8C736338057A9F\libraries\Ethernet\EthernetUdp.cpp.o
                0x00005e58                EthernetUDP::beginPacket(char const*, unsigned short)
 .text._ZN10W5100Class6readSnEht
                0x00005ed0       0x24 C:\Users\ed\AppData\Local\arduino\sketches\BDEBFE38EB99C39CFD8C736338057A9F\libraries\Ethernet\socket.cpp.o
                0x00005ed0                W5100Class::readSn(unsigned char, unsigned short)
 .text._ZN10W5100Class7writeSnEhth
                0x00005ef4       0x24 C:\Users\ed\AppData\Local\arduino\sketches\BDEBFE38EB99C39CFD8C736338057A9F\libraries\Ethernet\socket.cpp.o
                0x00005ef4                W5100Class::writeSn(unsigned char, unsigned short, unsigned char)
 .text._ZN10W5100Class7writeSnEhtPht
                0x00005f18       0x20 C:\Users\ed\AppData\Local\arduino\sketches\BDEBFE38EB99C39CFD8C736338057A9F\libraries\Ethernet\socket.cpp.o
                0x00005f18                W5100Class::writeSn(unsigned char, unsigned short, unsigned char*, unsigned short)
 .text._ZL10write_datahtPKht
                0x00005f38       0xa4 C:\Users\ed\AppData\Local\arduino\sketches\BDEBFE38EB99C39CFD8C736338057A9F\libraries\Ethernet\socket.cpp.o
 .text._ZN10W5100Class8readSnSREh
                0x00005fdc        0xa C:\Users\ed\AppData\Local\arduino\sketches\BDEBFE38EB99C39CFD8C736338057A9F\libraries\Ethernet\socket.cpp.o
                0x00005fdc                W5100Class::readSnSR(unsigned char)
 .text._ZN10W5100Class11writeSnPORTEht
                0x00005fe6       0x14 C:\Users\ed\AppData\Local\arduino\sketches\BDEBFE38EB99C39CFD8C736338057A9F\libraries\Ethernet\socket.cpp.o
                0x00005fe6                W5100Class::writeSnPORT(unsigned char, unsigned short)
 .text._ZN10W5100Class11writeSnDIPREhPh
                0x00005ffa        0xe C:\Users\ed\AppData\Local\arduino\sketches\BDEBFE38EB99C39CFD8C736338057A9F\libraries\Ethernet\socket.cpp.o
                0x00005ffa                W5100Class::writeSnDIPR(unsigned char, unsigned char*)
 .text._ZN10W5100Class12writeSnDPORTEht
                0x00006008       0x14 C:\Users\ed\AppData\Local\arduino\sketches\BDEBFE38EB99C39CFD8C736338057A9F\libraries\Ethernet\socket.cpp.o
                0x00006008                W5100Class::writeSnDPORT(unsigned char, unsigned short)
 .text._ZN10W5100Class12readSnTX_FSREh
                0x0000601c       0x18 C:\Users\ed\AppData\Local\arduino\sketches\BDEBFE38EB99C39CFD8C736338057A9F\libraries\Ethernet\socket.cpp.o
                0x0000601c                W5100Class::readSnTX_FSR(unsigned char)
 .text._ZL11getSnTX_FSRh
                0x00006034       0x24 C:\Users\ed\AppData\Local\arduino\sketches\BDEBFE38EB99C39CFD8C736338057A9F\libraries\Ethernet\socket.cpp.o
 .text._ZN10W5100Class12readSnRX_RSREh
                0x00006058       0x18 C:\Users\ed\AppData\Local\arduino\sketches\BDEBFE38EB99C39CFD8C736338057A9F\libraries\Ethernet\socket.cpp.o
                0x00006058                W5100Class::readSnRX_RSR(unsigned char)
 .text._ZN10W5100Class11readSnRX_RDEh
                0x00006070       0x18 C:\Users\ed\AppData\Local\arduino\sketches\BDEBFE38EB99C39CFD8C736338057A9F\libraries\Ethernet\socket.cpp.o
                0x00006070                W5100Class::readSnRX_RD(unsigned char)
 .text._ZN10W5100Class5RBASEEh
                0x00006088       0x18 C:\Users\ed\AppData\Local\arduino\sketches\BDEBFE38EB99C39CFD8C736338057A9F\libraries\Ethernet\socket.cpp.o
                0x00006088                W5100Class::RBASE(unsigned char)
 .text._ZN13EthernetClass14socketPortRandEt
                0x000060a0       0x14 C:\Users\ed\AppData\Local\arduino\sketches\BDEBFE38EB99C39CFD8C736338057A9F\libraries\Ethernet\socket.cpp.o
                0x000060a0                EthernetClass::socketPortRand(unsigned short)
 .text._ZN13EthernetClass11socketBeginEht
                0x000060b4      0x118 C:\Users\ed\AppData\Local\arduino\sketches\BDEBFE38EB99C39CFD8C736338057A9F\libraries\Ethernet\socket.cpp.o
                0x000060b4                EthernetClass::socketBegin(unsigned char, unsigned short)
 .text._ZN13EthernetClass20socketBeginMulticastEhN7arduino9IPAddressEt
                0x000061cc      0x174 C:\Users\ed\AppData\Local\arduino\sketches\BDEBFE38EB99C39CFD8C736338057A9F\libraries\Ethernet\socket.cpp.o
                0x000061cc                EthernetClass::socketBeginMulticast(unsigned char, arduino::IPAddress, unsigned short)
 .text._ZN13EthernetClass12socketStatusEh
                0x00006340       0x34 C:\Users\ed\AppData\Local\arduino\sketches\BDEBFE38EB99C39CFD8C736338057A9F\libraries\Ethernet\socket.cpp.o
                0x00006340                EthernetClass::socketStatus(unsigned char)
 .text._ZN13EthernetClass11socketCloseEh
                0x00006374       0x34 C:\Users\ed\AppData\Local\arduino\sketches\BDEBFE38EB99C39CFD8C736338057A9F\libraries\Ethernet\socket.cpp.o
                0x00006374                EthernetClass::socketClose(unsigned char)
 .text._ZN13EthernetClass12socketListenEh
                0x000063a8       0x48 C:\Users\ed\AppData\Local\arduino\sketches\BDEBFE38EB99C39CFD8C736338057A9F\libraries\Ethernet\socket.cpp.o
                0x000063a8                EthernetClass::socketListen(unsigned char)
 .text._ZN13EthernetClass13socketConnectEhPht
                0x000063f0       0x48 C:\Users\ed\AppData\Local\arduino\sketches\BDEBFE38EB99C39CFD8C736338057A9F\libraries\Ethernet\socket.cpp.o
                0x000063f0                EthernetClass::socketConnect(unsigned char, unsigned char*, unsigned short)
 .text._ZN13EthernetClass16socketDisconnectEh
                0x00006438       0x34 C:\Users\ed\AppData\Local\arduino\sketches\BDEBFE38EB99C39CFD8C736338057A9F\libraries\Ethernet\socket.cpp.o
                0x00006438                EthernetClass::socketDisconnect(unsigned char)
 .text._ZN13EthernetClass10socketRecvEhPhs
                0x0000646c      0x12c C:\Users\ed\AppData\Local\arduino\sketches\BDEBFE38EB99C39CFD8C736338057A9F\libraries\Ethernet\socket.cpp.o
                0x0000646c                EthernetClass::socketRecv(unsigned char, unsigned char*, short)
 .text._ZN13EthernetClass19socketRecvAvailableEh
                0x00006598       0x54 C:\Users\ed\AppData\Local\arduino\sketches\BDEBFE38EB99C39CFD8C736338057A9F\libraries\Ethernet\socket.cpp.o
                0x00006598                EthernetClass::socketRecvAvailable(unsigned char)
 .text._ZN13EthernetClass10socketPeekEh
                0x000065ec       0x54 C:\Users\ed\AppData\Local\arduino\sketches\BDEBFE38EB99C39CFD8C736338057A9F\libraries\Ethernet\socket.cpp.o
                0x000065ec                EthernetClass::socketPeek(unsigned char)
 .text._ZN13EthernetClass10socketSendEhPKht
                0x00006640       0xe4 C:\Users\ed\AppData\Local\arduino\sketches\BDEBFE38EB99C39CFD8C736338057A9F\libraries\Ethernet\socket.cpp.o
                0x00006640                EthernetClass::socketSend(unsigned char, unsigned char const*, unsigned short)
 .text._ZN13EthernetClass19socketSendAvailableEh
                0x00006724       0x48 C:\Users\ed\AppData\Local\arduino\sketches\BDEBFE38EB99C39CFD8C736338057A9F\libraries\Ethernet\socket.cpp.o
                0x00006724                EthernetClass::socketSendAvailable(unsigned char)
 .text._ZN13EthernetClass16socketBufferDataEhtPKht
                0x0000676c       0x54 C:\Users\ed\AppData\Local\arduino\sketches\BDEBFE38EB99C39CFD8C736338057A9F\libraries\Ethernet\socket.cpp.o
                0x0000676c                EthernetClass::socketBufferData(unsigned char, unsigned short, unsigned char const*, unsigned short)
 .text._ZN13EthernetClass14socketStartUDPEhPht
                0x000067c0       0x5c C:\Users\ed\AppData\Local\arduino\sketches\BDEBFE38EB99C39CFD8C736338057A9F\libraries\Ethernet\socket.cpp.o
                0x000067c0                EthernetClass::socketStartUDP(unsigned char, unsigned char*, unsigned short)
 .text._ZN13EthernetClass13socketSendUDPEh
                0x0000681c       0x90 C:\Users\ed\AppData\Local\arduino\sketches\BDEBFE38EB99C39CFD8C736338057A9F\libraries\Ethernet\socket.cpp.o
                0x0000681c                EthernetClass::socketSendUDP(unsigned char)
 .text._ZN10W5100Class5setSSEv
                0x000068ac       0x14 C:\Users\ed\AppData\Local\arduino\sketches\BDEBFE38EB99C39CFD8C736338057A9F\libraries\Ethernet\utility\w5100.cpp.o
                0x000068ac                W5100Class::setSS()
 .text._ZN10W5100Class7resetSSEv
                0x000068c0       0x14 C:\Users\ed\AppData\Local\arduino\sketches\BDEBFE38EB99C39CFD8C736338057A9F\libraries\Ethernet\utility\w5100.cpp.o
                0x000068c0                W5100Class::resetSS()
 .text._ZN10W5100Class5writeEtPKht
                0x000068d4      0x144 C:\Users\ed\AppData\Local\arduino\sketches\BDEBFE38EB99C39CFD8C736338057A9F\libraries\Ethernet\utility\w5100.cpp.o
                0x000068d4                W5100Class::write(unsigned short, unsigned char const*, unsigned short)
 .text._ZN10W5100Class5writeEth
                0x00006a18       0x14 C:\Users\ed\AppData\Local\arduino\sketches\BDEBFE38EB99C39CFD8C736338057A9F\libraries\Ethernet\utility\w5100.cpp.o
                0x00006a18                W5100Class::write(unsigned short, unsigned char)
 .text._ZN10W5100Class7writeMREh
                0x00006a2c        0xc C:\Users\ed\AppData\Local\arduino\sketches\BDEBFE38EB99C39CFD8C736338057A9F\libraries\Ethernet\utility\w5100.cpp.o
                0x00006a2c                W5100Class::writeMR(unsigned char)
 .text._ZN10W5100Class4readEtPht
                0x00006a38      0x100 C:\Users\ed\AppData\Local\arduino\sketches\BDEBFE38EB99C39CFD8C736338057A9F\libraries\Ethernet\utility\w5100.cpp.o
                0x00006a38                W5100Class::read(unsigned short, unsigned char*, unsigned short)
 .text._ZN10W5100Class4readEt
                0x00006b38       0x12 C:\Users\ed\AppData\Local\arduino\sketches\BDEBFE38EB99C39CFD8C736338057A9F\libraries\Ethernet\utility\w5100.cpp.o
                0x00006b38                W5100Class::read(unsigned short)
 .text._ZN10W5100Class6readMREv
                0x00006b4a        0xa C:\Users\ed\AppData\Local\arduino\sketches\BDEBFE38EB99C39CFD8C736338057A9F\libraries\Ethernet\utility\w5100.cpp.o
                0x00006b4a                W5100Class::readMR()
 .text._ZN10W5100Class9softResetEv
                0x00006b54       0x28 C:\Users\ed\AppData\Local\arduino\sketches\BDEBFE38EB99C39CFD8C736338057A9F\libraries\Ethernet\utility\w5100.cpp.o
                0x00006b54                W5100Class::softReset()
 .text._ZN10W5100Class7isW5100Ev
                0x00006b7c       0x48 C:\Users\ed\AppData\Local\arduino\sketches\BDEBFE38EB99C39CFD8C736338057A9F\libraries\Ethernet\utility\w5100.cpp.o
                0x00006b7c                W5100Class::isW5100()
 .text._ZN10W5100Class7isW5200Ev
                0x00006bc4       0x54 C:\Users\ed\AppData\Local\arduino\sketches\BDEBFE38EB99C39CFD8C736338057A9F\libraries\Ethernet\utility\w5100.cpp.o
                0x00006bc4                W5100Class::isW5200()
 .text._ZN10W5100Class7isW5500Ev
                0x00006c18       0x54 C:\Users\ed\AppData\Local\arduino\sketches\BDEBFE38EB99C39CFD8C736338057A9F\libraries\Ethernet\utility\w5100.cpp.o
                0x00006c18                W5100Class::isW5500()
 .text._ZN10W5100Class4initEv
                0x00006c6c       0xfc C:\Users\ed\AppData\Local\arduino\sketches\BDEBFE38EB99C39CFD8C736338057A9F\libraries\Ethernet\utility\w5100.cpp.o
                0x00006c6c                W5100Class::init()
 .text._ZN10W5100Class9execCmdSnEh7SockCMD
                0x00006d68       0x28 C:\Users\ed\AppData\Local\arduino\sketches\BDEBFE38EB99C39CFD8C736338057A9F\libraries\Ethernet\utility\w5100.cpp.o
                0x00006d68                W5100Class::execCmdSn(unsigned char, SockCMD)
 .text._ZN4P1AMC2Ev
                0x00006d90       0x20 C:\Users\ed\AppData\Local\arduino\sketches\BDEBFE38EB99C39CFD8C736338057A9F\libraries\P1AM\P1AM.cpp.o
                0x00006d90                P1AM::P1AM()
                0x00006d90                P1AM::P1AM()
 .text._ZN4P1AM8dataSyncEv
                0x00006db0       0x84 C:\Users\ed\AppData\Local\arduino\sketches\BDEBFE38EB99C39CFD8C736338057A9F\libraries\P1AM\P1AM.cpp.o
                0x00006db0                P1AM::dataSync()
 .text._ZN4P1AM12printModulesEv
                0x00006e34       0x94 C:\Users\ed\AppData\Local\arduino\sketches\BDEBFE38EB99C39CFD8C736338057A9F\libraries\P1AM\P1AM.cpp.o
                0x00006e34                P1AM::printModules()
 .text._ZN4P1AM13loadConfigBufEi
                0x00006ec8       0xd8 C:\Users\ed\AppData\Local\arduino\sketches\BDEBFE38EB99C39CFD8C736338057A9F\libraries\P1AM\P1AM.cpp.o
                0x00006ec8                P1AM::loadConfigBuf(int)
 .text.startup._GLOBAL__sub_I_P100_SPI_SETTINGS
                0x00006fa0       0x24 C:\Users\ed\AppData\Local\arduino\sketches\BDEBFE38EB99C39CFD8C736338057A9F\libraries\P1AM\P1AM.cpp.o
 .text._ZN4P1AM15spiSendRecvByteEh
                0x00006fc4       0x48 C:\Users\ed\AppData\Local\arduino\sketches\BDEBFE38EB99C39CFD8C736338057A9F\libraries\P1AM\P1AM.cpp.o
                0x00006fc4                P1AM::spiSendRecvByte(unsigned char)
 .text._ZN4P1AM10spiTimeoutEmht
                0x0000700c       0x58 C:\Users\ed\AppData\Local\arduino\sketches\BDEBFE38EB99C39CFD8C736338057A9F\libraries\P1AM\P1AM.cpp.o
                0x0000700c                P1AM::spiTimeout(unsigned long, unsigned char, unsigned short)
 .text._ZN4P1AM9handleHDREh
                0x00007064       0x2a C:\Users\ed\AppData\Local\arduino\sketches\BDEBFE38EB99C39CFD8C736338057A9F\libraries\P1AM\P1AM.cpp.o
                0x00007064                P1AM::handleHDR(unsigned char)
 *fill*         0x0000708e        0x2 
 .text._ZN4P1AM14spiSendRecvBufEPhib
                0x00007090       0x70 C:\Users\ed\AppData\Local\arduino\sketches\BDEBFE38EB99C39CFD8C736338057A9F\libraries\P1AM\P1AM.cpp.o
                0x00007090                P1AM::spiSendRecvBuf(unsigned char*, int, bool)
 .text._ZN4P1AM12readDiscreteEhh
                0x00007100      0x100 C:\Users\ed\AppData\Local\arduino\sketches\BDEBFE38EB99C39CFD8C736338057A9F\libraries\P1AM\P1AM.cpp.o
                0x00007100                P1AM::readDiscrete(unsigned char, unsigned char)
 .text._ZN4P1AM13writeDiscreteEmhh
                0x00007200       0xb4 C:\Users\ed\AppData\Local\arduino\sketches\BDEBFE38EB99C39CFD8C736338057A9F\libraries\P1AM\P1AM.cpp.o
                0x00007200                P1AM::writeDiscrete(unsigned long, unsigned char, unsigned char)
 .text._ZN4P1AM15configureModuleEPch
                0x000072b4       0xac C:\Users\ed\AppData\Local\arduino\sketches\BDEBFE38EB99C39CFD8C736338057A9F\libraries\P1AM\P1AM.cpp.o
                0x000072b4                P1AM::configureModule(char*, unsigned char)
 .text._ZN4P1AM4initEv
                0x00007360      0x1bc C:\Users\ed\AppData\Local\arduino\sketches\BDEBFE38EB99C39CFD8C736338057A9F\libraries\P1AM\P1AM.cpp.o
                0x00007360                P1AM::init()
 .text.SERCOM5_Handler
                0x0000751c       0x10 C:\Users\ed\AppData\Local\arduino\sketches\BDEBFE38EB99C39CFD8C736338057A9F\core\variant.cpp.o
                0x0000751c                SERCOM5_Handler
 .text.startup._GLOBAL__sub_I_g_APinDescription
                0x0000752c       0x80 C:\Users\ed\AppData\Local\arduino\sketches\BDEBFE38EB99C39CFD8C736338057A9F\core\variant.cpp.o
 .text._ZN6SERCOMC2EP6Sercom
                0x000075ac        0x8 C:\Users\ed\AppData\Local\arduino\sketches\BDEBFE38EB99C39CFD8C736338057A9F/..\..\cores\arduino_samd_mkrzero_35f893164d301ef46c6dd7700637dfef\core.a(SERCOM.cpp.o)
                0x000075ac                SERCOM::SERCOM(Sercom*)
                0x000075ac                SERCOM::SERCOM(Sercom*)
 .text._ZN6SERCOM9initFrameE18SercomUartCharSize15SercomDataOrder16SercomParityMode19SercomNumberStopBit
                0x000075b4       0x3a C:\Users\ed\AppData\Local\arduino\sketches\BDEBFE38EB99C39CFD8C736338057A9F/..\..\cores\arduino_samd_mkrzero_35f893164d301ef46c6dd7700637dfef\core.a(SERCOM.cpp.o)
                0x000075b4                SERCOM::initFrame(SercomUartCharSize, SercomDataOrder, SercomParityMode, SercomNumberStopBit)
 .text._ZN6SERCOM8initPadsE15SercomUartTXPad11SercomRXPad
                0x000075ee       0x26 C:\Users\ed\AppData\Local\arduino\sketches\BDEBFE38EB99C39CFD8C736338057A9F/..\..\cores\arduino_samd_mkrzero_35f893164d301ef46c6dd7700637dfef\core.a(SERCOM.cpp.o)
                0x000075ee                SERCOM::initPads(SercomUartTXPad, SercomRXPad)
 .text._ZN6SERCOM9resetUARTEv
                0x00007614       0x1a C:\Users\ed\AppData\Local\arduino\sketches\BDEBFE38EB99C39CFD8C736338057A9F/..\..\cores\arduino_samd_mkrzero_35f893164d301ef46c6dd7700637dfef\core.a(SERCOM.cpp.o)
                0x00007614                SERCOM::resetUART()
 .text._ZN6SERCOM10enableUARTEv
                0x0000762e       0x14 C:\Users\ed\AppData\Local\arduino\sketches\BDEBFE38EB99C39CFD8C736338057A9F/..\..\cores\arduino_samd_mkrzero_35f893164d301ef46c6dd7700637dfef\core.a(SERCOM.cpp.o)
                0x0000762e                SERCOM::enableUART()
 .text._ZN6SERCOM9flushUARTEv
                0x00007642       0x14 C:\Users\ed\AppData\Local\arduino\sketches\BDEBFE38EB99C39CFD8C736338057A9F/..\..\cores\arduino_samd_mkrzero_35f893164d301ef46c6dd7700637dfef\core.a(SERCOM.cpp.o)
                0x00007642                SERCOM::flushUART()
 .text._ZN6SERCOM15clearStatusUARTEv
                0x00007656        0x8 C:\Users\ed\AppData\Local\arduino\sketches\BDEBFE38EB99C39CFD8C736338057A9F/..\..\cores\arduino_samd_mkrzero_35f893164d301ef46c6dd7700637dfef\core.a(SERCOM.cpp.o)
                0x00007656                SERCOM::clearStatusUART()
 .text._ZN6SERCOM17availableDataUARTEv
                0x0000765e        0xa C:\Users\ed\AppData\Local\arduino\sketches\BDEBFE38EB99C39CFD8C736338057A9F/..\..\cores\arduino_samd_mkrzero_35f893164d301ef46c6dd7700637dfef\core.a(SERCOM.cpp.o)
                0x0000765e                SERCOM::availableDataUART()
 .text._ZN6SERCOM11isUARTErrorEv
                0x00007668        0x8 C:\Users\ed\AppData\Local\arduino\sketches\BDEBFE38EB99C39CFD8C736338057A9F/..\..\cores\arduino_samd_mkrzero_35f893164d301ef46c6dd7700637dfef\core.a(SERCOM.cpp.o)
                0x00007668                SERCOM::isUARTError()
 .text._ZN6SERCOM20acknowledgeUARTErrorEv
                0x00007670        0xe C:\Users\ed\AppData\Local\arduino\sketches\BDEBFE38EB99C39CFD8C736338057A9F/..\..\cores\arduino_samd_mkrzero_35f893164d301ef46c6dd7700637dfef\core.a(SERCOM.cpp.o)
                0x00007670                SERCOM::acknowledgeUARTError()
 .text._ZN6SERCOM16isFrameErrorUARTEv
                0x0000767e        0xa C:\Users\ed\AppData\Local\arduino\sketches\BDEBFE38EB99C39CFD8C736338057A9F/..\..\cores\arduino_samd_mkrzero_35f893164d301ef46c6dd7700637dfef\core.a(SERCOM.cpp.o)
                0x0000767e                SERCOM::isFrameErrorUART()
 .text._ZN6SERCOM19clearFrameErrorUARTEv
                0x00007688        0xc C:\Users\ed\AppData\Local\arduino\sketches\BDEBFE38EB99C39CFD8C736338057A9F/..\..\cores\arduino_samd_mkrzero_35f893164d301ef46c6dd7700637dfef\core.a(SERCOM.cpp.o)
                0x00007688                SERCOM::clearFrameErrorUART()
 .text._ZN6SERCOM23isDataRegisterEmptyUARTEv
                0x00007694        0xa C:\Users\ed\AppData\Local\arduino\sketches\BDEBFE38EB99C39CFD8C736338057A9F/..\..\cores\arduino_samd_mkrzero_35f893164d301ef46c6dd7700637dfef\core.a(SERCOM.cpp.o)
                0x00007694                SERCOM::isDataRegisterEmptyUART()
 .text._ZN6SERCOM12readDataUARTEv
                0x0000769e        0x8 C:\Users\ed\AppData\Local\arduino\sketches\BDEBFE38EB99C39CFD8C736338057A9F/..\..\cores\arduino_samd_mkrzero_35f893164d301ef46c6dd7700637dfef\core.a(SERCOM.cpp.o)
                0x0000769e                SERCOM::readDataUART()
 .text._ZN6SERCOM13writeDataUARTEh
                0x000076a6       0x14 C:\Users\ed\AppData\Local\arduino\sketches\BDEBFE38EB99C39CFD8C736338057A9F/..\..\cores\arduino_samd_mkrzero_35f893164d301ef46c6dd7700637dfef\core.a(SERCOM.cpp.o)
                0x000076a6                SERCOM::writeDataUART(unsigned char)
 .text._ZN6SERCOM36enableDataRegisterEmptyInterruptUARTEv
                0x000076ba        0x8 C:\Users\ed\AppData\Local\arduino\sketches\BDEBFE38EB99C39CFD8C736338057A9F/..\..\cores\arduino_samd_mkrzero_35f893164d301ef46c6dd7700637dfef\core.a(SERCOM.cpp.o)
                0x000076ba                SERCOM::enableDataRegisterEmptyInterruptUART()
 .text._ZN6SERCOM37disableDataRegisterEmptyInterruptUARTEv
                0x000076c2        0x8 C:\Users\ed\AppData\Local\arduino\sketches\BDEBFE38EB99C39CFD8C736338057A9F/..\..\cores\arduino_samd_mkrzero_35f893164d301ef46c6dd7700637dfef\core.a(SERCOM.cpp.o)
                0x000076c2                SERCOM::disableDataRegisterEmptyInterruptUART()
 *fill*         0x000076ca        0x2 
 .text._ZN6SERCOM12initSPIClockE18SercomSpiClockModem
                0x000076cc       0x30 C:\Users\ed\AppData\Local\arduino\sketches\BDEBFE38EB99C39CFD8C736338057A9F/..\..\cores\arduino_samd_mkrzero_35f893164d301ef46c6dd7700637dfef\core.a(SERCOM.cpp.o)
                0x000076cc                SERCOM::initSPIClock(SercomSpiClockMode, unsigned long)
 .text._ZN6SERCOM8resetSPIEv
                0x000076fc       0x1a C:\Users\ed\AppData\Local\arduino\sketches\BDEBFE38EB99C39CFD8C736338057A9F/..\..\cores\arduino_samd_mkrzero_35f893164d301ef46c6dd7700637dfef\core.a(SERCOM.cpp.o)
                0x000076fc                SERCOM::resetSPI()
 .text._ZN6SERCOM9enableSPIEv
                0x00007716       0x14 C:\Users\ed\AppData\Local\arduino\sketches\BDEBFE38EB99C39CFD8C736338057A9F/..\..\cores\arduino_samd_mkrzero_35f893164d301ef46c6dd7700637dfef\core.a(SERCOM.cpp.o)
                0x00007716                SERCOM::enableSPI()
 .text._ZN6SERCOM10disableSPIEv
                0x0000772a       0x12 C:\Users\ed\AppData\Local\arduino\sketches\BDEBFE38EB99C39CFD8C736338057A9F/..\..\cores\arduino_samd_mkrzero_35f893164d301ef46c6dd7700637dfef\core.a(SERCOM.cpp.o)
                0x0000772a                SERCOM::disableSPI()
 .text._ZN6SERCOM15getDataOrderSPIEv
                0x0000773c        0xa C:\Users\ed\AppData\Local\arduino\sketches\BDEBFE38EB99C39CFD8C736338057A9F/..\..\cores\arduino_samd_mkrzero_35f893164d301ef46c6dd7700637dfef\core.a(SERCOM.cpp.o)
                0x0000773c                SERCOM::getDataOrderSPI()
 .text._ZN6SERCOM15transferDataSPIEh
                0x00007746       0x1a C:\Users\ed\AppData\Local\arduino\sketches\BDEBFE38EB99C39CFD8C736338057A9F/..\..\cores\arduino_samd_mkrzero_35f893164d301ef46c6dd7700637dfef\core.a(SERCOM.cpp.o)
                0x00007746                SERCOM::transferDataSPI(unsigned char)
 .text._ZN6SERCOM13initClockNVICEv
                0x00007760       0xa8 C:\Users\ed\AppData\Local\arduino\sketches\BDEBFE38EB99C39CFD8C736338057A9F/..\..\cores\arduino_samd_mkrzero_35f893164d301ef46c6dd7700637dfef\core.a(SERCOM.cpp.o)
                0x00007760                SERCOM::initClockNVIC()
 .text._ZN6SERCOM8initUARTE14SercomUartMode20SercomUartSampleRatem
                0x00007808       0x6c C:\Users\ed\AppData\Local\arduino\sketches\BDEBFE38EB99C39CFD8C736338057A9F/..\..\cores\arduino_samd_mkrzero_35f893164d301ef46c6dd7700637dfef\core.a(SERCOM.cpp.o)
                0x00007808                SERCOM::initUART(SercomUartMode, SercomUartSampleRate, unsigned long)
 .text._ZN6SERCOM7initSPIE14SercomSpiTXPad11SercomRXPad17SercomSpiCharSize15SercomDataOrder
                0x00007874       0x4a C:\Users\ed\AppData\Local\arduino\sketches\BDEBFE38EB99C39CFD8C736338057A9F/..\..\cores\arduino_samd_mkrzero_35f893164d301ef46c6dd7700637dfef\core.a(SERCOM.cpp.o)
                0x00007874                SERCOM::initSPI(SercomSpiTXPad, SercomRXPad, SercomSpiCharSize, SercomDataOrder)
 .text._ZN7Serial_13getDescriptorERN7arduino8USBSetupE
                0x000078be        0x4 C:\Users\ed\AppData\Local\arduino\sketches\BDEBFE38EB99C39CFD8C736338057A9F/..\..\cores\arduino_samd_mkrzero_35f893164d301ef46c6dd7700637dfef\core.a(CDC.cpp.o)
                0x000078be                Serial_::getDescriptor(arduino::USBSetup&)
 .text._ZL5utox8mPc
                0x000078c2       0x24 C:\Users\ed\AppData\Local\arduino\sketches\BDEBFE38EB99C39CFD8C736338057A9F/..\..\cores\arduino_samd_mkrzero_35f893164d301ef46c6dd7700637dfef\core.a(CDC.cpp.o)
 *fill*         0x000078e6        0x2 
 .text._ZN7Serial_12getShortNameEPc
                0x000078e8       0x44 C:\Users\ed\AppData\Local\arduino\sketches\BDEBFE38EB99C39CFD8C736338057A9F/..\..\cores\arduino_samd_mkrzero_35f893164d301ef46c6dd7700637dfef\core.a(CDC.cpp.o)
                0x000078e8                Serial_::getShortName(char*)
 .text._ZThn16_N7Serial_12getShortNameEPc
                0x0000792c       0x10 C:\Users\ed\AppData\Local\arduino\sketches\BDEBFE38EB99C39CFD8C736338057A9F/..\..\cores\arduino_samd_mkrzero_35f893164d301ef46c6dd7700637dfef\core.a(CDC.cpp.o)
                0x0000792c                non-virtual thunk to Serial_::getShortName(char*)
 .text._ZN7Serial_5beginEm
                0x0000793c        0x2 C:\Users\ed\AppData\Local\arduino\sketches\BDEBFE38EB99C39CFD8C736338057A9F/..\..\cores\arduino_samd_mkrzero_35f893164d301ef46c6dd7700637dfef\core.a(CDC.cpp.o)
                0x0000793c                Serial_::begin(unsigned long)
 .text._ZN7Serial_5beginEmt
                0x0000793e        0x2 C:\Users\ed\AppData\Local\arduino\sketches\BDEBFE38EB99C39CFD8C736338057A9F/..\..\cores\arduino_samd_mkrzero_35f893164d301ef46c6dd7700637dfef\core.a(CDC.cpp.o)
                0x0000793e                Serial_::begin(unsigned long, unsigned short)
 .text._ZN7Serial_17availableForWriteEv
                0x00007940        0x4 C:\Users\ed\AppData\Local\arduino\sketches\BDEBFE38EB99C39CFD8C736338057A9F/..\..\cores\arduino_samd_mkrzero_35f893164d301ef46c6dd7700637dfef\core.a(CDC.cpp.o)
                0x00007940                Serial_::availableForWrite()
 .text._ZN7Serial_5writeEh
                0x00007944       0x14 C:\Users\ed\AppData\Local\arduino\sketches\BDEBFE38EB99C39CFD8C736338057A9F/..\..\cores\arduino_samd_mkrzero_35f893164d301ef46c6dd7700637dfef\core.a(CDC.cpp.o)
                0x00007944                Serial_::write(unsigned char)
 .text._ZN7Serial_12getInterfaceEPh
                0x00007958      0x11c C:\Users\ed\AppData\Local\arduino\sketches\BDEBFE38EB99C39CFD8C736338057A9F/..\..\cores\arduino_samd_mkrzero_35f893164d301ef46c6dd7700637dfef\core.a(CDC.cpp.o)
                0x00007958                Serial_::getInterface(unsigned char*)
 .text._ZThn16_N7Serial_12getInterfaceEPh
                0x00007a74       0x10 C:\Users\ed\AppData\Local\arduino\sketches\BDEBFE38EB99C39CFD8C736338057A9F/..\..\cores\arduino_samd_mkrzero_35f893164d301ef46c6dd7700637dfef\core.a(CDC.cpp.o)
                0x00007a74                non-virtual thunk to Serial_::getInterface(unsigned char*)
 .text._ZN7Serial_5setupERN7arduino8USBSetupE
                0x00007a84       0x9c C:\Users\ed\AppData\Local\arduino\sketches\BDEBFE38EB99C39CFD8C736338057A9F/..\..\cores\arduino_samd_mkrzero_35f893164d301ef46c6dd7700637dfef\core.a(CDC.cpp.o)
                0x00007a84                Serial_::setup(arduino::USBSetup&)
 .text._ZThn16_N7Serial_5setupERN7arduino8USBSetupE
                0x00007b20       0x10 C:\Users\ed\AppData\Local\arduino\sketches\BDEBFE38EB99C39CFD8C736338057A9F/..\..\cores\arduino_samd_mkrzero_35f893164d301ef46c6dd7700637dfef\core.a(CDC.cpp.o)
                0x00007b20                non-virtual thunk to Serial_::setup(arduino::USBSetup&)
 .text._ZN7Serial_3endEv
                0x00007b30        0xe C:\Users\ed\AppData\Local\arduino\sketches\BDEBFE38EB99C39CFD8C736338057A9F/..\..\cores\arduino_samd_mkrzero_35f893164d301ef46c6dd7700637dfef\core.a(CDC.cpp.o)
                0x00007b30                Serial_::end()
 *fill*         0x00007b3e        0x2 
 .text._ZN7Serial_9availableEv
                0x00007b40       0x20 C:\Users\ed\AppData\Local\arduino\sketches\BDEBFE38EB99C39CFD8C736338057A9F/..\..\cores\arduino_samd_mkrzero_35f893164d301ef46c6dd7700637dfef\core.a(CDC.cpp.o)
                0x00007b40                Serial_::available()
 .text._ZN7Serial_5flushEv
                0x00007b60        0xe C:\Users\ed\AppData\Local\arduino\sketches\BDEBFE38EB99C39CFD8C736338057A9F/..\..\cores\arduino_samd_mkrzero_35f893164d301ef46c6dd7700637dfef\core.a(CDC.cpp.o)
                0x00007b60                Serial_::flush()
 .text._ZN7Serial_5clearEv
                0x00007b6e        0xe C:\Users\ed\AppData\Local\arduino\sketches\BDEBFE38EB99C39CFD8C736338057A9F/..\..\cores\arduino_samd_mkrzero_35f893164d301ef46c6dd7700637dfef\core.a(CDC.cpp.o)
                0x00007b6e                Serial_::clear()
 .text._ZN7Serial_5writeEPKhj
                0x00007b7c       0x1e C:\Users\ed\AppData\Local\arduino\sketches\BDEBFE38EB99C39CFD8C736338057A9F/..\..\cores\arduino_samd_mkrzero_35f893164d301ef46c6dd7700637dfef\core.a(CDC.cpp.o)
                0x00007b7c                Serial_::write(unsigned char const*, unsigned int)
 *fill*         0x00007b9a        0x2 
 .text._ZN7Serial_4peekEv
                0x00007b9c       0x1c C:\Users\ed\AppData\Local\arduino\sketches\BDEBFE38EB99C39CFD8C736338057A9F/..\..\cores\arduino_samd_mkrzero_35f893164d301ef46c6dd7700637dfef\core.a(CDC.cpp.o)
                0x00007b9c                Serial_::peek()
 .text._ZN7Serial_4readEv
                0x00007bb8       0x24 C:\Users\ed\AppData\Local\arduino\sketches\BDEBFE38EB99C39CFD8C736338057A9F/..\..\cores\arduino_samd_mkrzero_35f893164d301ef46c6dd7700637dfef\core.a(CDC.cpp.o)
                0x00007bb8                Serial_::read()
 .text._ZN7Serial_cvbEv
                0x00007bdc       0x26 C:\Users\ed\AppData\Local\arduino\sketches\BDEBFE38EB99C39CFD8C736338057A9F/..\..\cores\arduino_samd_mkrzero_35f893164d301ef46c6dd7700637dfef\core.a(CDC.cpp.o)
                0x00007bdc                Serial_::operator bool()
 .text._ZThn16_N7Serial_13getDescriptorERN7arduino8USBSetupE
                0x00007c02        0x4 C:\Users\ed\AppData\Local\arduino\sketches\BDEBFE38EB99C39CFD8C736338057A9F/..\..\cores\arduino_samd_mkrzero_35f893164d301ef46c6dd7700637dfef\core.a(CDC.cpp.o)
                0x00007c02                non-virtual thunk to Serial_::getDescriptor(arduino::USBSetup&)
 .text.resetExternalChip
                0x00007c06        0x2 C:\Users\ed\AppData\Local\arduino\sketches\BDEBFE38EB99C39CFD8C736338057A9F/..\..\cores\arduino_samd_mkrzero_35f893164d301ef46c6dd7700637dfef\core.a(CDC.cpp.o)
                0x00007c06                resetExternalChip
 .text._ZN7Serial_14handleEndpointEi
                0x00007c08        0x2 C:\Users\ed\AppData\Local\arduino\sketches\BDEBFE38EB99C39CFD8C736338057A9F/..\..\cores\arduino_samd_mkrzero_35f893164d301ef46c6dd7700637dfef\core.a(CDC.cpp.o)
                0x00007c08                Serial_::handleEndpoint(int)
 *fill*         0x00007c0a        0x2 
 .text._ZN7Serial_C2ER14USBDeviceClass
                0x00007c0c       0x5c C:\Users\ed\AppData\Local\arduino\sketches\BDEBFE38EB99C39CFD8C736338057A9F/..\..\cores\arduino_samd_mkrzero_35f893164d301ef46c6dd7700637dfef\core.a(CDC.cpp.o)
                0x00007c0c                Serial_::Serial_(USBDeviceClass&)
                0x00007c0c                Serial_::Serial_(USBDeviceClass&)
 .text._ZN7Serial_15enableInterruptEv
                0x00007c68       0x30 C:\Users\ed\AppData\Local\arduino\sketches\BDEBFE38EB99C39CFD8C736338057A9F/..\..\cores\arduino_samd_mkrzero_35f893164d301ef46c6dd7700637dfef\core.a(CDC.cpp.o)
                0x00007c68                Serial_::enableInterrupt()
 .text.startup._GLOBAL__sub_I__ZN7Serial_12getInterfaceEPh
                0x00007c98       0x14 C:\Users\ed\AppData\Local\arduino\sketches\BDEBFE38EB99C39CFD8C736338057A9F/..\..\cores\arduino_samd_mkrzero_35f893164d301ef46c6dd7700637dfef\core.a(CDC.cpp.o)
 .text._ZN26DoubleBufferedEPOutHandlerD2Ev
                0x00007cac        0x2 C:\Users\ed\AppData\Local\arduino\sketches\BDEBFE38EB99C39CFD8C736338057A9F/..\..\cores\arduino_samd_mkrzero_35f893164d301ef46c6dd7700637dfef\core.a(USBCore.cpp.o)
                0x00007cac                DoubleBufferedEPOutHandler::~DoubleBufferedEPOutHandler()
                0x00007cac                DoubleBufferedEPOutHandler::~DoubleBufferedEPOutHandler()
 .text._ZN26DoubleBufferedEPOutHandlerD0Ev
                0x00007cae        0xc C:\Users\ed\AppData\Local\arduino\sketches\BDEBFE38EB99C39CFD8C736338057A9F/..\..\cores\arduino_samd_mkrzero_35f893164d301ef46c6dd7700637dfef\core.a(USBCore.cpp.o)
                0x00007cae                DoubleBufferedEPOutHandler::~DoubleBufferedEPOutHandler()
 *fill*         0x00007cba        0x2 
 .text._ZN14USBDeviceClass6initEPEmm.part.7
                0x00007cbc       0xc4 C:\Users\ed\AppData\Local\arduino\sketches\BDEBFE38EB99C39CFD8C736338057A9F/..\..\cores\arduino_samd_mkrzero_35f893164d301ef46c6dd7700637dfef\core.a(USBCore.cpp.o)
 .text._ZN7__GuardC2Ev
                0x00007d80        0xe C:\Users\ed\AppData\Local\arduino\sketches\BDEBFE38EB99C39CFD8C736338057A9F/..\..\cores\arduino_samd_mkrzero_35f893164d301ef46c6dd7700637dfef\core.a(USBCore.cpp.o)
                0x00007d80                __Guard::__Guard()
                0x00007d80                __Guard::__Guard()
 .text._ZN7__GuardD2Ev
                0x00007d8e        0xe C:\Users\ed\AppData\Local\arduino\sketches\BDEBFE38EB99C39CFD8C736338057A9F/..\..\cores\arduino_samd_mkrzero_35f893164d301ef46c6dd7700637dfef\core.a(USBCore.cpp.o)
                0x00007d8e                __Guard::~__Guard()
                0x00007d8e                __Guard::~__Guard()
 .text._ZNK26DoubleBufferedEPOutHandler10_availableEv
                0x00007d9c       0x70 C:\Users\ed\AppData\Local\arduino\sketches\BDEBFE38EB99C39CFD8C736338057A9F/..\..\cores\arduino_samd_mkrzero_35f893164d301ef46c6dd7700637dfef\core.a(USBCore.cpp.o)
                0x00007d9c                DoubleBufferedEPOutHandler::_available() const
 .text._ZN26DoubleBufferedEPOutHandler7releaseEv
                0x00007e0c       0x38 C:\Users\ed\AppData\Local\arduino\sketches\BDEBFE38EB99C39CFD8C736338057A9F/..\..\cores\arduino_samd_mkrzero_35f893164d301ef46c6dd7700637dfef\core.a(USBCore.cpp.o)
                0x00007e0c                DoubleBufferedEPOutHandler::release()
 .text._ZN26DoubleBufferedEPOutHandler14handleEndpointEv
                0x00007e44       0xe2 C:\Users\ed\AppData\Local\arduino\sketches\BDEBFE38EB99C39CFD8C736338057A9F/..\..\cores\arduino_samd_mkrzero_35f893164d301ef46c6dd7700637dfef\core.a(USBCore.cpp.o)
                0x00007e44                DoubleBufferedEPOutHandler::handleEndpoint()
 .text._ZN14USBDeviceClass14SendInterfacesEPm
                0x00007f26       0x20 C:\Users\ed\AppData\Local\arduino\sketches\BDEBFE38EB99C39CFD8C736338057A9F/..\..\cores\arduino_samd_mkrzero_35f893164d301ef46c6dd7700637dfef\core.a(USBCore.cpp.o)
                0x00007f26                USBDeviceClass::SendInterfaces(unsigned long*)
 *fill*         0x00007f46        0x2 
 .text._ZN14USBDeviceClass6attachEv
                0x00007f48       0x34 C:\Users\ed\AppData\Local\arduino\sketches\BDEBFE38EB99C39CFD8C736338057A9F/..\..\cores\arduino_samd_mkrzero_35f893164d301ef46c6dd7700637dfef\core.a(USBCore.cpp.o)
                0x00007f48                USBDeviceClass::attach()
 .text._ZN14USBDeviceClass10setAddressEm
                0x00007f7c       0x48 C:\Users\ed\AppData\Local\arduino\sketches\BDEBFE38EB99C39CFD8C736338057A9F/..\..\cores\arduino_samd_mkrzero_35f893164d301ef46c6dd7700637dfef\core.a(USBCore.cpp.o)
                0x00007f7c                USBDeviceClass::setAddress(unsigned long)
 .text._ZN14USBDeviceClass25handleClassInterfaceSetupERN7arduino8USBSetupE
                0x00007fc4       0x24 C:\Users\ed\AppData\Local\arduino\sketches\BDEBFE38EB99C39CFD8C736338057A9F/..\..\cores\arduino_samd_mkrzero_35f893164d301ef46c6dd7700637dfef\core.a(USBCore.cpp.o)
                0x00007fc4                USBDeviceClass::handleClassInterfaceSetup(arduino::USBSetup&)
 .text._ZN14USBDeviceClass6initEPEmm
                0x00007fe8      0x10c C:\Users\ed\AppData\Local\arduino\sketches\BDEBFE38EB99C39CFD8C736338057A9F/..\..\cores\arduino_samd_mkrzero_35f893164d301ef46c6dd7700637dfef\core.a(USBCore.cpp.o)
                0x00007fe8                USBDeviceClass::initEP(unsigned long, unsigned long)
 .text._ZN14USBDeviceClass13initEndpointsEv
                0x000080f4       0x24 C:\Users\ed\AppData\Local\arduino\sketches\BDEBFE38EB99C39CFD8C736338057A9F/..\..\cores\arduino_samd_mkrzero_35f893164d301ef46c6dd7700637dfef\core.a(USBCore.cpp.o)
                0x000080f4                USBDeviceClass::initEndpoints()
 .text._ZN14USBDeviceClass5clearEm
                0x00008118       0x38 C:\Users\ed\AppData\Local\arduino\sketches\BDEBFE38EB99C39CFD8C736338057A9F/..\..\cores\arduino_samd_mkrzero_35f893164d301ef46c6dd7700637dfef\core.a(USBCore.cpp.o)
                0x00008118                USBDeviceClass::clear(unsigned long)
 .text._ZN14USBDeviceClass9availableEm
                0x00008150       0x2c C:\Users\ed\AppData\Local\arduino\sketches\BDEBFE38EB99C39CFD8C736338057A9F/..\..\cores\arduino_samd_mkrzero_35f893164d301ef46c6dd7700637dfef\core.a(USBCore.cpp.o)
                0x00008150                USBDeviceClass::available(unsigned long)
 .text._ZN14USBDeviceClass5flushEm
                0x0000817c       0x2c C:\Users\ed\AppData\Local\arduino\sketches\BDEBFE38EB99C39CFD8C736338057A9F/..\..\cores\arduino_samd_mkrzero_35f893164d301ef46c6dd7700637dfef\core.a(USBCore.cpp.o)
                0x0000817c                USBDeviceClass::flush(unsigned long)
 .text._ZN14USBDeviceClass4recvEmPvm
                0x000081a8       0xc0 C:\Users\ed\AppData\Local\arduino\sketches\BDEBFE38EB99C39CFD8C736338057A9F/..\..\cores\arduino_samd_mkrzero_35f893164d301ef46c6dd7700637dfef\core.a(USBCore.cpp.o)
                0x000081a8                USBDeviceClass::recv(unsigned long, void*, unsigned long)
 .text._ZN14USBDeviceClass4recvEm
                0x00008268       0x1c C:\Users\ed\AppData\Local\arduino\sketches\BDEBFE38EB99C39CFD8C736338057A9F/..\..\cores\arduino_samd_mkrzero_35f893164d301ef46c6dd7700637dfef\core.a(USBCore.cpp.o)
                0x00008268                USBDeviceClass::recv(unsigned long)
 .text._ZN14USBDeviceClass14armRecvCtrlOUTEm
                0x00008284       0x5c C:\Users\ed\AppData\Local\arduino\sketches\BDEBFE38EB99C39CFD8C736338057A9F/..\..\cores\arduino_samd_mkrzero_35f893164d301ef46c6dd7700637dfef\core.a(USBCore.cpp.o)
                0x00008284                USBDeviceClass::armRecvCtrlOUT(unsigned long)
 .text._ZN14USBDeviceClass11recvControlEPvm
                0x000082e0       0x28 C:\Users\ed\AppData\Local\arduino\sketches\BDEBFE38EB99C39CFD8C736338057A9F/..\..\cores\arduino_samd_mkrzero_35f893164d301ef46c6dd7700637dfef\core.a(USBCore.cpp.o)
                0x000082e0                USBDeviceClass::recvControl(void*, unsigned long)
 .text._ZN14USBDeviceClass4sendEmPKvm
                0x00008308      0x10c C:\Users\ed\AppData\Local\arduino\sketches\BDEBFE38EB99C39CFD8C736338057A9F/..\..\cores\arduino_samd_mkrzero_35f893164d301ef46c6dd7700637dfef\core.a(USBCore.cpp.o)
                0x00008308                USBDeviceClass::send(unsigned long, void const*, unsigned long)
 .text._ZN14USBDeviceClass7armSendEmPKvm
                0x00008414       0x48 C:\Users\ed\AppData\Local\arduino\sketches\BDEBFE38EB99C39CFD8C736338057A9F/..\..\cores\arduino_samd_mkrzero_35f893164d301ef46c6dd7700637dfef\core.a(USBCore.cpp.o)
                0x00008414                USBDeviceClass::armSend(unsigned long, void const*, unsigned long)
 .text._ZN14USBDeviceClass11sendControlEPKvm
                0x0000845c       0x54 C:\Users\ed\AppData\Local\arduino\sketches\BDEBFE38EB99C39CFD8C736338057A9F/..\..\cores\arduino_samd_mkrzero_35f893164d301ef46c6dd7700637dfef\core.a(USBCore.cpp.o)
                0x0000845c                USBDeviceClass::sendControl(void const*, unsigned long)
 .text._ZN14USBDeviceClass20sendStringDescriptorEPKhm
                0x000084b0       0x64 C:\Users\ed\AppData\Local\arduino\sketches\BDEBFE38EB99C39CFD8C736338057A9F/..\..\cores\arduino_samd_mkrzero_35f893164d301ef46c6dd7700637dfef\core.a(USBCore.cpp.o)
                0x000084b0                USBDeviceClass::sendStringDescriptor(unsigned char const*, unsigned long)
 .text._ZN14USBDeviceClass17sendConfigurationEm
                0x00008514       0x80 C:\Users\ed\AppData\Local\arduino\sketches\BDEBFE38EB99C39CFD8C736338057A9F/..\..\cores\arduino_samd_mkrzero_35f893164d301ef46c6dd7700637dfef\core.a(USBCore.cpp.o)
                0x00008514                USBDeviceClass::sendConfiguration(unsigned long)
 .text._ZN14USBDeviceClass14sendDescriptorERN7arduino8USBSetupE
                0x00008594       0xd8 C:\Users\ed\AppData\Local\arduino\sketches\BDEBFE38EB99C39CFD8C736338057A9F/..\..\cores\arduino_samd_mkrzero_35f893164d301ef46c6dd7700637dfef\core.a(USBCore.cpp.o)
                0x00008594                USBDeviceClass::sendDescriptor(arduino::USBSetup&)
 .text._ZN14USBDeviceClass7sendZlpEm
                0x0000866c       0x18 C:\Users\ed\AppData\Local\arduino\sketches\BDEBFE38EB99C39CFD8C736338057A9F/..\..\cores\arduino_samd_mkrzero_35f893164d301ef46c6dd7700637dfef\core.a(USBCore.cpp.o)
                0x0000866c                USBDeviceClass::sendZlp(unsigned long)
 .text._ZN14USBDeviceClass19handleStandardSetupERN7arduino8USBSetupE
                0x00008684       0xf0 C:\Users\ed\AppData\Local\arduino\sketches\BDEBFE38EB99C39CFD8C736338057A9F/..\..\cores\arduino_samd_mkrzero_35f893164d301ef46c6dd7700637dfef\core.a(USBCore.cpp.o)
                0x00008684                USBDeviceClass::handleStandardSetup(arduino::USBSetup&)
 .text._ZN14USBDeviceClass10ISRHandlerEv
                0x00008774      0x108 C:\Users\ed\AppData\Local\arduino\sketches\BDEBFE38EB99C39CFD8C736338057A9F/..\..\cores\arduino_samd_mkrzero_35f893164d301ef46c6dd7700637dfef\core.a(USBCore.cpp.o)
                0x00008774                USBDeviceClass::ISRHandler()
 .text.UDD_Handler
                0x0000887c       0x10 C:\Users\ed\AppData\Local\arduino\sketches\BDEBFE38EB99C39CFD8C736338057A9F/..\..\cores\arduino_samd_mkrzero_35f893164d301ef46c6dd7700637dfef\core.a(USBCore.cpp.o)
                0x0000887c                UDD_Handler
 .text._ZN7arduino13PluggableUSB_C2Ev
                0x0000888c       0x10 C:\Users\ed\AppData\Local\arduino\sketches\BDEBFE38EB99C39CFD8C736338057A9F/..\..\cores\arduino_samd_mkrzero_35f893164d301ef46c6dd7700637dfef\core.a(USBCore.cpp.o)
                0x0000888c                arduino::PluggableUSB_::PluggableUSB_()
                0x0000888c                arduino::PluggableUSB_::PluggableUSB_()
 .text._Z8epBufferj
                0x0000889c        0xc C:\Users\ed\AppData\Local\arduino\sketches\BDEBFE38EB99C39CFD8C736338057A9F/..\..\cores\arduino_samd_mkrzero_35f893164d301ef46c6dd7700637dfef\core.a(USBCore.cpp.o)
                0x0000889c                epBuffer(unsigned int)
 .text._ZN7arduino11RingBufferNILi64EE10store_charEh
                0x000088a8       0x1c C:\Users\ed\AppData\Local\arduino\sketches\BDEBFE38EB99C39CFD8C736338057A9F/..\..\cores\arduino_samd_mkrzero_35f893164d301ef46c6dd7700637dfef\core.a(USBCore.cpp.o)
                0x000088a8                arduino::RingBufferN<64>::store_char(unsigned char)
 .text._ZN26DoubleBufferedEPOutHandler5_recvEv
                0x000088c4      0x15e C:\Users\ed\AppData\Local\arduino\sketches\BDEBFE38EB99C39CFD8C736338057A9F/..\..\cores\arduino_samd_mkrzero_35f893164d301ef46c6dd7700637dfef\core.a(USBCore.cpp.o)
                0x000088c4                DoubleBufferedEPOutHandler::_recv()
 .text._ZN26DoubleBufferedEPOutHandler9availableEv
                0x00008a22        0xc C:\Users\ed\AppData\Local\arduino\sketches\BDEBFE38EB99C39CFD8C736338057A9F/..\..\cores\arduino_samd_mkrzero_35f893164d301ef46c6dd7700637dfef\core.a(USBCore.cpp.o)
                0x00008a22                DoubleBufferedEPOutHandler::available()
 .text._ZN26DoubleBufferedEPOutHandler4peekEv
                0x00008a2e       0x1c C:\Users\ed\AppData\Local\arduino\sketches\BDEBFE38EB99C39CFD8C736338057A9F/..\..\cores\arduino_samd_mkrzero_35f893164d301ef46c6dd7700637dfef\core.a(USBCore.cpp.o)
                0x00008a2e                DoubleBufferedEPOutHandler::peek()
 .text._ZN26DoubleBufferedEPOutHandler4recvEPvm
                0x00008a4a       0x60 C:\Users\ed\AppData\Local\arduino\sketches\BDEBFE38EB99C39CFD8C736338057A9F/..\..\cores\arduino_samd_mkrzero_35f893164d301ef46c6dd7700637dfef\core.a(USBCore.cpp.o)
                0x00008a4a                DoubleBufferedEPOutHandler::recv(void*, unsigned long)
 *fill*         0x00008aaa        0x2 
 .text.startup._GLOBAL__sub_I_usbd
                0x00008aac       0x10 C:\Users\ed\AppData\Local\arduino\sketches\BDEBFE38EB99C39CFD8C736338057A9F/..\..\cores\arduino_samd_mkrzero_35f893164d301ef46c6dd7700637dfef\core.a(USBCore.cpp.o)
 .text._ZN14USBDeviceClass4initEv
                0x00008abc      0x15c C:\Users\ed\AppData\Local\arduino\sketches\BDEBFE38EB99C39CFD8C736338057A9F/..\..\cores\arduino_samd_mkrzero_35f893164d301ef46c6dd7700637dfef\core.a(USBCore.cpp.o)
                0x00008abc                USBDeviceClass::init()
 .text._ZN4UartcvbEv
                0x00008c18        0x4 C:\Users\ed\AppData\Local\arduino\sketches\BDEBFE38EB99C39CFD8C736338057A9F/..\..\cores\arduino_samd_mkrzero_35f893164d301ef46c6dd7700637dfef\core.a(Uart.cpp.o)
                0x00008c18                Uart::operator bool()
 .text._ZN4Uart5beginEm
                0x00008c1c       0x10 C:\Users\ed\AppData\Local\arduino\sketches\BDEBFE38EB99C39CFD8C736338057A9F/..\..\cores\arduino_samd_mkrzero_35f893164d301ef46c6dd7700637dfef\core.a(Uart.cpp.o)
                0x00008c1c                Uart::begin(unsigned long)
 .text._ZN4Uart9availableEv
                0x00008c2c        0x6 C:\Users\ed\AppData\Local\arduino\sketches\BDEBFE38EB99C39CFD8C736338057A9F/..\..\cores\arduino_samd_mkrzero_35f893164d301ef46c6dd7700637dfef\core.a(Uart.cpp.o)
                0x00008c2c                Uart::available()
 .text._ZN4Uart17availableForWriteEv
                0x00008c32       0x10 C:\Users\ed\AppData\Local\arduino\sketches\BDEBFE38EB99C39CFD8C736338057A9F/..\..\cores\arduino_samd_mkrzero_35f893164d301ef46c6dd7700637dfef\core.a(Uart.cpp.o)
                0x00008c32                Uart::availableForWrite()
 .text._ZN4Uart4peekEv
                0x00008c42       0x18 C:\Users\ed\AppData\Local\arduino\sketches\BDEBFE38EB99C39CFD8C736338057A9F/..\..\cores\arduino_samd_mkrzero_35f893164d301ef46c6dd7700637dfef\core.a(Uart.cpp.o)
                0x00008c42                Uart::peek()
 .text._ZN4Uart3endEv
                0x00008c5a       0x24 C:\Users\ed\AppData\Local\arduino\sketches\BDEBFE38EB99C39CFD8C736338057A9F/..\..\cores\arduino_samd_mkrzero_35f893164d301ef46c6dd7700637dfef\core.a(Uart.cpp.o)
                0x00008c5a                Uart::end()
 .text._ZN4Uart5flushEv
                0x00008c7e       0x16 C:\Users\ed\AppData\Local\arduino\sketches\BDEBFE38EB99C39CFD8C736338057A9F/..\..\cores\arduino_samd_mkrzero_35f893164d301ef46c6dd7700637dfef\core.a(Uart.cpp.o)
                0x00008c7e                Uart::flush()
 .text._ZN4Uart16extractNbStopBitEt
                0x00008c94        0xc C:\Users\ed\AppData\Local\arduino\sketches\BDEBFE38EB99C39CFD8C736338057A9F/..\..\cores\arduino_samd_mkrzero_35f893164d301ef46c6dd7700637dfef\core.a(Uart.cpp.o)
                0x00008c94                Uart::extractNbStopBit(unsigned short)
 .text._ZN4Uart15extractCharSizeEt
                0x00008ca0       0x28 C:\Users\ed\AppData\Local\arduino\sketches\BDEBFE38EB99C39CFD8C736338057A9F/..\..\cores\arduino_samd_mkrzero_35f893164d301ef46c6dd7700637dfef\core.a(Uart.cpp.o)
                0x00008ca0                Uart::extractCharSize(unsigned short)
 .text._ZN4Uart13extractParityEt
                0x00008cc8       0x14 C:\Users\ed\AppData\Local\arduino\sketches\BDEBFE38EB99C39CFD8C736338057A9F/..\..\cores\arduino_samd_mkrzero_35f893164d301ef46c6dd7700637dfef\core.a(Uart.cpp.o)
                0x00008cc8                Uart::extractParity(unsigned short)
 .text._ZN4Uart5beginEmt
                0x00008cdc       0xf8 C:\Users\ed\AppData\Local\arduino\sketches\BDEBFE38EB99C39CFD8C736338057A9F/..\..\cores\arduino_samd_mkrzero_35f893164d301ef46c6dd7700637dfef\core.a(Uart.cpp.o)
                0x00008cdc                Uart::begin(unsigned long, unsigned short)
 .text._ZN7arduino11RingBufferNILi256EEC2Ev
                0x00008dd4       0x1e C:\Users\ed\AppData\Local\arduino\sketches\BDEBFE38EB99C39CFD8C736338057A9F/..\..\cores\arduino_samd_mkrzero_35f893164d301ef46c6dd7700637dfef\core.a(Uart.cpp.o)
                0x00008dd4                arduino::RingBufferN<256>::RingBufferN()
                0x00008dd4                arduino::RingBufferN<256>::RingBufferN()
 *fill*         0x00008df2        0x2 
 .text._ZN4UartC2EP6SERCOMhh11SercomRXPad15SercomUartTXPad
                0x00008df4       0x74 C:\Users\ed\AppData\Local\arduino\sketches\BDEBFE38EB99C39CFD8C736338057A9F/..\..\cores\arduino_samd_mkrzero_35f893164d301ef46c6dd7700637dfef\core.a(Uart.cpp.o)
                0x00008df4                Uart::Uart(SERCOM*, unsigned char, unsigned char, SercomRXPad, SercomUartTXPad)
                0x00008df4                Uart::Uart(SERCOM*, unsigned char, unsigned char, SercomRXPad, SercomUartTXPad)
 .text._ZN7arduino15SafeRingBufferNILi256EE10store_charEh
                0x00008e68       0x4a C:\Users\ed\AppData\Local\arduino\sketches\BDEBFE38EB99C39CFD8C736338057A9F/..\..\cores\arduino_samd_mkrzero_35f893164d301ef46c6dd7700637dfef\core.a(Uart.cpp.o)
                0x00008e68                arduino::SafeRingBufferN<256>::store_char(unsigned char)
 .text._ZN7arduino15SafeRingBufferNILi256EE9read_charEv
                0x00008eb2       0x50 C:\Users\ed\AppData\Local\arduino\sketches\BDEBFE38EB99C39CFD8C736338057A9F/..\..\cores\arduino_samd_mkrzero_35f893164d301ef46c6dd7700637dfef\core.a(Uart.cpp.o)
                0x00008eb2                arduino::SafeRingBufferN<256>::read_char()
 .text._ZN4Uart10IrqHandlerEv
                0x00008f02       0xa4 C:\Users\ed\AppData\Local\arduino\sketches\BDEBFE38EB99C39CFD8C736338057A9F/..\..\cores\arduino_samd_mkrzero_35f893164d301ef46c6dd7700637dfef\core.a(Uart.cpp.o)
                0x00008f02                Uart::IrqHandler()
 *fill*         0x00008fa6        0x2 
 .text._ZN4Uart5writeEh
                0x00008fa8       0x9c C:\Users\ed\AppData\Local\arduino\sketches\BDEBFE38EB99C39CFD8C736338057A9F/..\..\cores\arduino_samd_mkrzero_35f893164d301ef46c6dd7700637dfef\core.a(Uart.cpp.o)
                0x00008fa8                Uart::write(unsigned char)
 .text._ZN4Uart4readEv
                0x00009044       0x34 C:\Users\ed\AppData\Local\arduino\sketches\BDEBFE38EB99C39CFD8C736338057A9F/..\..\cores\arduino_samd_mkrzero_35f893164d301ef46c6dd7700637dfef\core.a(Uart.cpp.o)
                0x00009044                Uart::read()
 .text._Z6randoml
                0x00009078       0x16 C:\Users\ed\AppData\Local\arduino\sketches\BDEBFE38EB99C39CFD8C736338057A9F/..\..\cores\arduino_samd_mkrzero_35f893164d301ef46c6dd7700637dfef\core.a(WMath.cpp.o)
                0x00009078                random(long)
 .text._Z6randomll